Archive member included to satisfy reference by file (symbol)

C:/Program Files (x86)/Arm GNU Toolchain arm-none-eabi/14.2 rel1/bin/../lib/gcc/arm-none-eabi/14.2.1/thumb/v7e-m+fp/hard\libgcc.a(_aeabi_ldivmod.o)
                              CMakeFiles/slate_firmware.elf.dir/src/wall_clock.cpp.obj (__aeabi_ldivmod)
C:/Program Files (x86)/Arm GNU Toolchain arm-none-eabi/14.2 rel1/bin/../lib/gcc/arm-none-eabi/14.2.1/thumb/v7e-m+fp/hard\libgcc.a(_aeabi_uldivmod.o)
                              CMakeFiles/slate_firmware.elf.dir/src/motor.cpp.obj (__aeabi_uldivmod)
C:/Program Files (x86)/Arm GNU Toolchain arm-none-eabi/14.2 rel1/bin/../lib/gcc/arm-none-eabi/14.2.1/thumb/v7e-m+fp/hard\libgcc.a(_popcountsi2.o)
                              CMakeFiles/slate_firmware.elf.dir/third_party/littlefs/lfs.c.obj (__popcountsi2)
C:/Program Files (x86)/Arm GNU Toolchain arm-none-eabi/14.2 rel1/bin/../lib/gcc/arm-none-eabi/14.2.1/thumb/v7e-m+fp/hard\libgcc.a(_popcountdi2.o)
                              CMakeFiles/slate_firmware.elf.dir/third_party/mynewt-nimble/nimble/controller/src/ble_ll_utils.c.obj (__popcountdi2)
C:/Program Files (x86)/Arm GNU Toolchain arm-none-eabi/14.2 rel1/bin/../lib/gcc/arm-none-eabi/14.2.1/thumb/v7e-m+fp/hard\libgcc.a(_udivmoddi4.o)
                              C:/Program Files (x86)/Arm GNU Toolchain arm-none-eabi/14.2 rel1/bin/../lib/gcc/arm-none-eabi/14.2.1/thumb/v7e-m+fp/hard\libgcc.a(_aeabi_ldivmod.o) (__udivmoddi4)
C:/Program Files (x86)/Arm GNU Toolchain arm-none-eabi/14.2 rel1/bin/../lib/gcc/arm-none-eabi/14.2.1/thumb/v7e-m+fp/hard\libgcc.a(_dvmd_tls.o)
                              C:/Program Files (x86)/Arm GNU Toolchain arm-none-eabi/14.2 rel1/bin/../lib/gcc/arm-none-eabi/14.2.1/thumb/v7e-m+fp/hard\libgcc.a(_aeabi_ldivmod.o) (__aeabi_ldiv0)
C:/Program Files (x86)/Arm GNU Toolchain arm-none-eabi/14.2 rel1/bin/../lib/gcc/arm-none-eabi/14.2.1/thumb/v7e-m+fp/hard\libc_nano.a(libc_a-malloc.o)
                              CMakeFiles/slate_firmware.elf.dir/third_party/mynewt-nimble/porting/nimble/src/mem.c.obj (malloc)
C:/Program Files (x86)/Arm GNU Toolchain arm-none-eabi/14.2 rel1/bin/../lib/gcc/arm-none-eabi/14.2.1/thumb/v7e-m+fp/hard\libc_nano.a(libc_a-mallocr.o)
                              C:/Program Files (x86)/Arm GNU Toolchain arm-none-eabi/14.2 rel1/bin/../lib/gcc/arm-none-eabi/14.2.1/thumb/v7e-m+fp/hard\libc_nano.a(libc_a-malloc.o) (_malloc_r)
C:/Program Files (x86)/Arm GNU Toolchain arm-none-eabi/14.2 rel1/bin/../lib/gcc/arm-none-eabi/14.2.1/thumb/v7e-m+fp/hard\libc_nano.a(libc_a-mlock.o)
                              C:/Program Files (x86)/Arm GNU Toolchain arm-none-eabi/14.2 rel1/bin/../lib/gcc/arm-none-eabi/14.2.1/thumb/v7e-m+fp/hard\libc_nano.a(libc_a-mallocr.o) (__malloc_lock)
C:/Program Files (x86)/Arm GNU Toolchain arm-none-eabi/14.2 rel1/bin/../lib/gcc/arm-none-eabi/14.2.1/thumb/v7e-m+fp/hard\libc_nano.a(libc_a-realloc.o)
                              CMakeFiles/slate_firmware.elf.dir/third_party/mynewt-nimble/nimble/host/src/ble_gatts.c.obj (realloc)
C:/Program Files (x86)/Arm GNU Toolchain arm-none-eabi/14.2 rel1/bin/../lib/gcc/arm-none-eabi/14.2.1/thumb/v7e-m+fp/hard\libc_nano.a(libc_a-reallocr.o)
                              C:/Program Files (x86)/Arm GNU Toolchain arm-none-eabi/14.2 rel1/bin/../lib/gcc/arm-none-eabi/14.2.1/thumb/v7e-m+fp/hard\libc_nano.a(libc_a-realloc.o) (_realloc_r)
C:/Program Files (x86)/Arm GNU Toolchain arm-none-eabi/14.2 rel1/bin/../lib/gcc/arm-none-eabi/14.2.1/thumb/v7e-m+fp/hard\libc_nano.a(libc_a-jrand48.o)
                              CMakeFiles/slate_firmware.elf.dir/third_party/mynewt-nimble/nimble/controller/src/ble_ll_rand.c.obj (jrand48)
C:/Program Files (x86)/Arm GNU Toolchain arm-none-eabi/14.2 rel1/bin/../lib/gcc/arm-none-eabi/14.2.1/thumb/v7e-m+fp/hard\libc_nano.a(libc_a-rand48.o)
                              C:/Program Files (x86)/Arm GNU Toolchain arm-none-eabi/14.2 rel1/bin/../lib/gcc/arm-none-eabi/14.2.1/thumb/v7e-m+fp/hard\libc_nano.a(libc_a-jrand48.o) (__dorand48)
C:/Program Files (x86)/Arm GNU Toolchain arm-none-eabi/14.2 rel1/bin/../lib/gcc/arm-none-eabi/14.2.1/thumb/v7e-m+fp/hard\libc_nano.a(libc_a-sprintf.o)
                              CMakeFiles/slate_firmware.elf.dir/third_party/mynewt-nimble/nimble/host/src/ble_uuid.c.obj (sprintf)
C:/Program Files (x86)/Arm GNU Toolchain arm-none-eabi/14.2 rel1/bin/../lib/gcc/arm-none-eabi/14.2.1/thumb/v7e-m+fp/hard\libc_nano.a(libc_a-vsnprintf.o)
                              CMakeFiles/slate_firmware.elf.dir/third_party/mynewt-nimble/nimble/controller/src/ble_ll_hci_ev.c.obj (vsnprintf)
C:/Program Files (x86)/Arm GNU Toolchain arm-none-eabi/14.2 rel1/bin/../lib/gcc/arm-none-eabi/14.2.1/thumb/v7e-m+fp/hard\libc_nano.a(libc_a-memcmp.o)
                              CMakeFiles/slate_firmware.elf.dir/src/session.cpp.obj (memcmp)
C:/Program Files (x86)/Arm GNU Toolchain arm-none-eabi/14.2 rel1/bin/../lib/gcc/arm-none-eabi/14.2.1/thumb/v7e-m+fp/hard\libc_nano.a(libc_a-memmove.o)
[...]
Memory Configuration

Name             Origin             Length             Attributes
FLASH            0x00008020         0x00073fe0         xr
RAM              0x20000000         0x00010000         xrw
*default*        0x00000000         0xffffffff

Linker script and memory map

LOAD CMakeFiles/slate_firmware.elf.dir/src/startup.cpp.obj
LOAD CMakeFiles/slate_firmware.elf.dir/src/system_nrf52832.cpp.obj
LOAD CMakeFiles/slate_firmware.elf.dir/src/rtt.cpp.obj
LOAD CMakeFiles/slate_firmware.elf.dir/src/spi_bus.cpp.obj
LOAD CMakeFiles/slate_firmware.elf.dir/src/st7789.cpp.obj
LOAD CMakeFiles/slate_firmware.elf.dir/src/renderer.cpp.obj
LOAD CMakeFiles/slate_firmware.elf.dir/src/backlight.cpp.obj
LOAD CMakeFiles/slate_firmware.elf.dir/src/twi.cpp.obj
LOAD CMakeFiles/slate_firmware.elf.dir/src/cst816s.cpp.obj
LOAD CMakeFiles/slate_firmware.elf.dir/src/motor.cpp.obj
LOAD CMakeFiles/slate_firmware.elf.dir/src/button.cpp.obj
LOAD CMakeFiles/slate_firmware.elf.dir/src/input_event.cpp.obj
LOAD CMakeFiles/slate_firmware.elf.dir/src/input_router.cpp.obj
LOAD CMakeFiles/slate_firmware.elf.dir/src/sdp_validate.cpp.obj
LOAD CMakeFiles/slate_firmware.elf.dir/src/sdp_parser.cpp.obj
LOAD CMakeFiles/slate_firmware.elf.dir/src/sdp_interpreter.cpp.obj
LOAD CMakeFiles/slate_firmware.elf.dir/src/sdp_frame.cpp.obj
LOAD CMakeFiles/slate_firmware.elf.dir/src/sdp_diag.cpp.obj
LOAD CMakeFiles/slate_firmware.elf.dir/src/session.cpp.obj
LOAD CMakeFiles/slate_firmware.elf.dir/src/persist.cpp.obj
LOAD CMakeFiles/slate_firmware.elf.dir/src/persist_nvmc.cpp.obj
LOAD CMakeFiles/slate_firmware.elf.dir/src/wall_clock.cpp.obj
LOAD CMakeFiles/slate_firmware.elf.dir/src/mono_time.cpp.obj
LOAD CMakeFiles/slate_firmware.elf.dir/src/rtc_hw.cpp.obj
LOAD CMakeFiles/slate_firmware.elf.dir/src/notif_store.cpp.obj
LOAD CMakeFiles/slate_firmware.elf.dir/src/alarm_sched.cpp.obj
LOAD CMakeFiles/slate_firmware.elf.dir/src/bma42x.cpp.obj
LOAD CMakeFiles/slate_firmware.elf.dir/src/battery.cpp.obj
LOAD CMakeFiles/slate_firmware.elf.dir/src/battery_hw.cpp.obj
LOAD CMakeFiles/slate_firmware.elf.dir/src/local_ui.cpp.obj
LOAD CMakeFiles/slate_firmware.elf.dir/src/local_core.cpp.obj
LOAD CMakeFiles/slate_firmware.elf.dir/src/xt25.cpp.obj
LOAD CMakeFiles/slate_firmware.elf.dir/src/lfs_fs.cpp.obj
LOAD CMakeFiles/slate_firmware.elf.dir/src/asset_pack.cpp.obj
LOAD CMakeFiles/slate_firmware.elf.dir/src/glyph_cache.cpp.obj
LOAD CMakeFiles/slate_firmware.elf.dir/src/asset_xfer.cpp.obj
LOAD CMakeFiles/slate_firmware.elf.dir/src/power.cpp.obj
LOAD CMakeFiles/slate_firmware.elf.dir/src/ota_slot.cpp.obj
LOAD CMakeFiles/slate_firmware.elf.dir/src/ota_xfer.cpp.obj
LOAD CMakeFiles/slate_firmware.elf.dir/src/sha256.cpp.obj
LOAD CMakeFiles/slate_firmware.elf.dir/src/boot_util.cpp.obj
LOAD CMakeFiles/slate_firmware.elf.dir/src/dfu_nordic.cpp.obj
LOAD CMakeFiles/slate_firmware.elf.dir/src/wdt.cpp.obj
LOAD CMakeFiles/slate_firmware.elf.dir/src/mcuboot_pubkey.cpp.obj
LOAD CMakeFiles/slate_firmware.elf.dir/third_party/littlefs/lfs.c.obj
LOAD CMakeFiles/slate_firmware.elf.dir/third_party/littlefs/lfs_util.c.obj
LOAD CMakeFiles/slate_firmware.elf.dir/src/ble_link.cpp.obj
LOAD CMakeFiles/slate_firmware.elf.dir/src/ble_conn.cpp.obj
LOAD CMakeFiles/slate_firmware.elf.dir/src/ble_gatt.cpp.obj
LOAD CMakeFiles/slate_firmware.elf.dir/src/ble_mbuf_stats.cpp.obj
LOAD CMakeFiles/slate_firmware.elf.dir/src/ble_nimble.cpp.obj
LOAD CMakeFiles/slate_firmware.elf.dir/src/freertos_smoke.cpp.obj
LOAD CMakeFiles/slate_firmware.elf.dir/src/boot_diag.cpp.obj
LOAD CMakeFiles/slate_firmware.elf.dir/src/main.cpp.obj
LOAD CMakeFiles/slate_firmware.elf.dir/third_party/FreeRTOS-Kernel/tasks.c.obj
LOAD CMakeFiles/slate_firmware.elf.dir/third_party/FreeRTOS-Kernel/queue.c.obj
LOAD CMakeFiles/slate_firmware.elf.dir/third_party/FreeRTOS-Kernel/list.c.obj
LOAD CMakeFiles/slate_firmware.elf.dir/third_party/FreeRTOS-Kernel/timers.c.obj
LOAD CMakeFiles/slate_firmware.elf.dir/third_party/FreeRTOS-Kernel/event_groups.c.obj
LOAD CMakeFiles/slate_firmware.elf.dir/third_party/FreeRTOS-Kernel/stream_buffer.c.obj
LOAD CMakeFiles/slate_firmware.elf.dir/third_party/FreeRTOS-Kernel/portable/MemMang/heap_4.c.obj
LOAD CMakeFiles/slate_firmware.elf.dir/third_party/FreeRTOS-Kernel/portable/GCC/ARM_CM4F/port.c.obj
LOAD CMakeFiles/slate_firmware.elf.dir/third_party/mynewt-nimble/porting/nimble/src/endian.c.obj
LOAD CMakeFiles/slate_firmware.elf.dir/third_party/mynewt-nimble/porting/nimble/src/hal_timer.c.obj
LOAD CMakeFiles/slate_firmware.elf.dir/third_party/mynewt-nimble/porting/nimble/src/mem.c.obj
LOAD CMakeFiles/slate_firmware.elf.dir/third_party/mynewt-nimble/porting/nimble/src/nimble_port.c.obj
LOAD CMakeFiles/slate_firmware.elf.dir/third_party/mynewt-nimble/porting/nimble/src/os_cputime.c.obj
LOAD CMakeFiles/slate_firmware.elf.dir/third_party/mynewt-nimble/porting/nimble/src/os_cputime_pwr2.c.obj
LOAD CMakeFiles/slate_firmware.elf.dir/third_party/mynewt-nimble/porting/nimble/src/os_mbuf.c.obj
LOAD CMakeFiles/slate_firmware.elf.dir/third_party/mynewt-nimble/porting/nimble/src/os_mempool.c.obj
LOAD CMakeFiles/slate_firmware.elf.dir/third_party/mynewt-nimble/porting/nimble/src/os_msys_init.c.obj
LOAD CMakeFiles/slate_firmware.elf.dir/third_party/mynewt-nimble/nimble/host/src/ble_att.c.obj
LOAD CMakeFiles/slate_firmware.elf.dir/third_party/mynewt-nimble/nimble/host/src/ble_att_clt.c.obj
LOAD CMakeFiles/slate_firmware.elf.dir/third_party/mynewt-nimble/nimble/host/src/ble_att_cmd.c.obj
LOAD CMakeFiles/slate_firmware.elf.dir/third_party/mynewt-nimble/nimble/host/src/ble_att_svr.c.obj
LOAD CMakeFiles/slate_firmware.elf.dir/third_party/mynewt-nimble/nimble/host/src/ble_dtm.c.obj
LOAD CMakeFiles/slate_firmware.elf.dir/third_party/mynewt-nimble/nimble/host/src/ble_eatt.c.obj
LOAD CMakeFiles/slate_firmware.elf.dir/third_party/mynewt-nimble/nimble/host/src/ble_eddystone.c.obj
LOAD CMakeFiles/slate_firmware.elf.dir/third_party/mynewt-nimble/nimble/host/src/ble_gap.c.obj
LOAD CMakeFiles/slate_firmware.elf.dir/third_party/mynewt-nimble/nimble/host/src/ble_gattc.c.obj
LOAD CMakeFiles/slate_firmware.elf.dir/third_party/mynewt-nimble/nimble/host/src/ble_gatts.c.obj
LOAD CMakeFiles/slate_firmware.elf.dir/third_party/mynewt-nimble/nimble/host/src/ble_gatts_lcl.c.obj
LOAD CMakeFiles/slate_firmware.elf.dir/third_party/mynewt-nimble/nimble/host/src/ble_hs.c.obj
LOAD CMakeFiles/slate_firmware.elf.dir/third_party/mynewt-nimble/nimble/host/src/ble_hs_adv.c.obj
LOAD CMakeFiles/slate_firmware.elf.dir/third_party/mynewt-nimble/nimble/host/src/ble_hs_atomic.c.obj
LOAD CMakeFiles/slate_firmware.elf.dir/third_party/mynewt-nimble/nimble/host/src/ble_hs_cfg.c.obj
LOAD CMakeFiles/slate_firmware.elf.dir/third_party/mynewt-nimble/nimble/host/src/ble_hs_conn.c.obj
LOAD CMakeFiles/slate_firmware.elf.dir/third_party/mynewt-nimble/nimble/host/src/ble_hs_flow.c.obj
LOAD CMakeFiles/slate_firmware.elf.dir/third_party/mynewt-nimble/nimble/host/src/ble_hs_hci.c.obj
LOAD CMakeFiles/slate_firmware.elf.dir/third_party/mynewt-nimble/nimble/host/src/ble_hs_hci_cmd.c.obj
LOAD CMakeFiles/slate_firmware.elf.dir/third_party/mynewt-nimble/nimble/host/src/ble_hs_hci_evt.c.obj
LOAD CMakeFiles/slate_firmware.elf.dir/third_party/mynewt-nimble/nimble/host/src/ble_hs_hci_util.c.obj
LOAD CMakeFiles/slate_firmware.elf.dir/third_party/mynewt-nimble/nimble/host/src/ble_hs_id.c.obj
LOAD CMakeFiles/slate_firmware.elf.dir/third_party/mynewt-nimble/nimble/host/src/ble_hs_log.c.obj
LOAD CMakeFiles/slate_firmware.elf.dir/third_party/mynewt-nimble/nimble/host/src/ble_hs_mbuf.c.obj
LOAD CMakeFiles/slate_firmware.elf.dir/third_party/mynewt-nimble/nimble/host/src/ble_hs_misc.c.obj
LOAD CMakeFiles/slate_firmware.elf.dir/third_party/mynewt-nimble/nimble/host/src/ble_hs_mqueue.c.obj
LOAD CMakeFiles/slate_firmware.elf.dir/third_party/mynewt-nimble/nimble/host/src/ble_hs_periodic_sync.c.obj
LOAD CMakeFiles/slate_firmware.elf.dir/third_party/mynewt-nimble/nimble/host/src/ble_hs_pvcy.c.obj
LOAD CMakeFiles/slate_firmware.elf.dir/third_party/mynewt-nimble/nimble/host/src/ble_hs_shutdown.c.obj
LOAD CMakeFiles/slate_firmware.elf.dir/third_party/mynewt-nimble/nimble/host/src/ble_hs_startup.c.obj
LOAD CMakeFiles/slate_firmware.elf.dir/third_party/mynewt-nimble/nimble/host/src/ble_hs_stop.c.obj
LOAD CMakeFiles/slate_firmware.elf.dir/third_party/mynewt-nimble/nimble/host/src/ble_ibeacon.c.obj
LOAD CMakeFiles/slate_firmware.elf.dir/third_party/mynewt-nimble/nimble/host/src/ble_iso.c.obj
LOAD CMakeFiles/slate_firmware.elf.dir/third_party/mynewt-nimble/nimble/host/src/ble_l2cap.c.obj
LOAD CMakeFiles/slate_firmware.elf.dir/third_party/mynewt-nimble/nimble/host/src/ble_l2cap_coc.c.obj
LOAD CMakeFiles/slate_firmware.elf.dir/third_party/mynewt-nimble/nimble/host/src/ble_l2cap_sig.c.obj
LOAD CMakeFiles/slate_firmware.elf.dir/third_party/mynewt-nimble/nimble/host/src/ble_l2cap_sig_cmd.c.obj
LOAD CMakeFiles/slate_firmware.elf.dir/third_party/mynewt-nimble/nimble/host/src/ble_sm.c.obj
LOAD CMakeFiles/slate_firmware.elf.dir/third_party/mynewt-nimble/nimble/host/src/ble_sm_alg.c.obj
LOAD CMakeFiles/slate_firmware.elf.dir/third_party/mynewt-nimble/nimble/host/src/ble_sm_cmd.c.obj
LOAD CMakeFiles/slate_firmware.elf.dir/third_party/mynewt-nimble/nimble/host/src/ble_sm_lgcy.c.obj
LOAD CMakeFiles/slate_firmware.elf.dir/third_party/mynewt-nimble/nimble/host/src/ble_sm_sc.c.obj
LOAD CMakeFiles/slate_firmware.elf.dir/third_party/mynewt-nimble/nimble/host/src/ble_store.c.obj
LOAD CMakeFiles/slate_firmware.elf.dir/third_party/mynewt-nimble/nimble/host/src/ble_store_util.c.obj
LOAD CMakeFiles/slate_firmware.elf.dir/third_party/mynewt-nimble/nimble/host/src/ble_uuid.c.obj
LOAD CMakeFiles/slate_firmware.elf.dir/third_party/mynewt-nimble/nimble/host/util/src/addr.c.obj
LOAD CMakeFiles/slate_firmware.elf.dir/third_party/mynewt-nimble/nimble/transport/src/monitor.c.obj
LOAD CMakeFiles/slate_firmware.elf.dir/third_party/mynewt-nimble/nimble/transport/src/transport.c.obj
LOAD CMakeFiles/slate_firmware.elf.dir/third_party/mynewt-nimble/nimble/controller/src/ble_ll.c.obj
LOAD CMakeFiles/slate_firmware.elf.dir/third_party/mynewt-nimble/nimble/controller/src/ble_ll_adv.c.obj
LOAD CMakeFiles/slate_firmware.elf.dir/third_party/mynewt-nimble/nimble/controller/src/ble_ll_conn.c.obj
LOAD CMakeFiles/slate_firmware.elf.dir/third_party/mynewt-nimble/nimble/controller/src/ble_ll_conn_hci.c.obj
LOAD CMakeFiles/slate_firmware.elf.dir/third_party/mynewt-nimble/nimble/controller/src/ble_ll_crypto.c.obj
LOAD CMakeFiles/slate_firmware.elf.dir/third_party/mynewt-nimble/nimble/controller/src/ble_ll_ctrl.c.obj
LOAD CMakeFiles/slate_firmware.elf.dir/third_party/mynewt-nimble/nimble/controller/src/ble_ll_dtm.c.obj
LOAD CMakeFiles/slate_firmware.elf.dir/third_party/mynewt-nimble/nimble/controller/src/ble_ll_hci.c.obj
LOAD CMakeFiles/slate_firmware.elf.dir/third_party/mynewt-nimble/nimble/controller/src/ble_ll_hci_ev.c.obj
LOAD CMakeFiles/slate_firmware.elf.dir/third_party/mynewt-nimble/nimble/controller/src/ble_ll_hci_supp_cmd.c.obj
LOAD CMakeFiles/slate_firmware.elf.dir/third_party/mynewt-nimble/nimble/controller/src/ble_ll_hci_vs.c.obj
LOAD CMakeFiles/slate_firmware.elf.dir/third_party/mynewt-nimble/nimble/controller/src/ble_ll_iso_big.c.obj
LOAD CMakeFiles/slate_firmware.elf.dir/third_party/mynewt-nimble/nimble/controller/src/ble_ll_isoal.c.obj
LOAD CMakeFiles/slate_firmware.elf.dir/third_party/mynewt-nimble/nimble/controller/src/ble_ll_pdu.c.obj
LOAD CMakeFiles/slate_firmware.elf.dir/third_party/mynewt-nimble/nimble/controller/src/ble_ll_rand.c.obj
LOAD CMakeFiles/slate_firmware.elf.dir/third_party/mynewt-nimble/nimble/controller/src/ble_ll_resolv.c.obj
LOAD CMakeFiles/slate_firmware.elf.dir/third_party/mynewt-nimble/nimble/controller/src/ble_ll_rfmgmt.c.obj
LOAD CMakeFiles/slate_firmware.elf.dir/third_party/mynewt-nimble/nimble/controller/src/ble_ll_scan.c.obj
LOAD CMakeFiles/slate_firmware.elf.dir/third_party/mynewt-nimble/nimble/controller/src/ble_ll_scan_aux.c.obj
LOAD CMakeFiles/slate_firmware.elf.dir/third_party/mynewt-nimble/nimble/controller/src/ble_ll_sched.c.obj
LOAD CMakeFiles/slate_firmware.elf.dir/third_party/mynewt-nimble/nimble/controller/src/ble_ll_sync.c.obj
LOAD CMakeFiles/slate_firmware.elf.dir/third_party/mynewt-nimble/nimble/controller/src/ble_ll_trace.c.obj
LOAD CMakeFiles/slate_firmware.elf.dir/third_party/mynewt-nimble/nimble/controller/src/ble_ll_utils.c.obj
LOAD CMakeFiles/slate_firmware.elf.dir/third_party/mynewt-nimble/nimble/controller/src/ble_ll_whitelist.c.obj
LOAD CMakeFiles/slate_firmware.elf.dir/third_party/mynewt-nimble/nimble/drivers/nrf5x/src/ble_hw.c.obj
LOAD CMakeFiles/slate_firmware.elf.dir/third_party/mynewt-nimble/nimble/drivers/nrf5x/src/ble_phy.c.obj
LOAD CMakeFiles/slate_firmware.elf.dir/third_party/mynewt-nimble/nimble/drivers/nrf5x/src/ble_phy_trace.c.obj
LOAD CMakeFiles/slate_firmware.elf.dir/third_party/mynewt-nimble/nimble/drivers/nrf5x/src/nrf52/phy.c.obj
LOAD CMakeFiles/slate_firmware.elf.dir/third_party/mynewt-nimble/porting/npl/freertos/src/nimble_port_freertos.c.obj
LOAD CMakeFiles/slate_firmware.elf.dir/third_party/mynewt-nimble/porting/npl/freertos/src/npl_os_freertos.c.obj
LOAD CMakeFiles/slate_firmware.elf.dir/third_party/mynewt-nimble/nimble/host/services/gap/src/ble_svc_gap.c.obj
LOAD CMakeFiles/slate_firmware.elf.dir/third_party/mynewt-nimble/nimble/host/services/gatt/src/ble_svc_gatt.c.obj
LOAD CMakeFiles/slate_firmware.elf.dir/third_party/mynewt-nimble/nimble/host/services/bas/src/ble_svc_bas.c.obj
LOAD CMakeFiles/slate_firmware.elf.dir/third_party/mynewt-nimble/nimble/host/services/dis/src/ble_svc_dis.c.obj
LOAD CMakeFiles/slate_firmware.elf.dir/third_party/mynewt-nimble/nimble/host/store/ram/src/ble_store_ram.c.obj
LOAD CMakeFiles/slate_firmware.elf.dir/third_party/mynewt-nimble/ext/tinycrypt/src/aes_decrypt.c.obj
LOAD CMakeFiles/slate_firmware.elf.dir/third_party/mynewt-nimble/ext/tinycrypt/src/aes_encrypt.c.obj
LOAD CMakeFiles/slate_firmware.elf.dir/third_party/mynewt-nimble/ext/tinycrypt/src/cbc_mode.c.obj
LOAD CMakeFiles/slate_firmware.elf.dir/third_party/mynewt-nimble/ext/tinycrypt/src/ccm_mode.c.obj
LOAD CMakeFiles/slate_firmware.elf.dir/third_party/mynewt-nimble/ext/tinycrypt/src/cmac_mode.c.obj
LOAD CMakeFiles/slate_firmware.elf.dir/third_party/mynewt-nimble/ext/tinycrypt/src/ctr_mode.c.obj
LOAD CMakeFiles/slate_firmware.elf.dir/third_party/mynewt-nimble/ext/tinycrypt/src/ctr_prng.c.obj
LOAD CMakeFiles/slate_firmware.elf.dir/third_party/mynewt-nimble/ext/tinycrypt/src/ecc.c.obj
LOAD CMakeFiles/slate_firmware.elf.dir/third_party/mynewt-nimble/ext/tinycrypt/src/ecc_dh.c.obj
LOAD CMakeFiles/slate_firmware.elf.dir/third_party/mynewt-nimble/ext/tinycrypt/src/ecc_dsa.c.obj
LOAD CMakeFiles/slate_firmware.elf.dir/third_party/mynewt-nimble/ext/tinycrypt/src/ecc_platform_specific.c.obj
LOAD CMakeFiles/slate_firmware.elf.dir/third_party/mynewt-nimble/ext/tinycrypt/src/hmac.c.obj
LOAD CMakeFiles/slate_firmware.elf.dir/third_party/mynewt-nimble/ext/tinycrypt/src/hmac_prng.c.obj
LOAD CMakeFiles/slate_firmware.elf.dir/third_party/mynewt-nimble/ext/tinycrypt/src/sha256.c.obj
LOAD CMakeFiles/slate_firmware.elf.dir/third_party/mynewt-nimble/ext/tinycrypt/src/utils.c.obj
LOAD CMakeFiles/slate_firmware.elf.dir/third_party/nrfx/drivers/src/nrfx_clock.c.obj
LOAD CMakeFiles/slate_firmware.elf.dir/third_party/nrfx/drivers/src/nrfx_nvmc.c.obj
LOAD CMakeFiles/slate_firmware.elf.dir/third_party/nrfx/soc/nrfx_atomic.c.obj
LOAD CMakeFiles/slate_firmware.elf.dir/port/nrf52/src/slate_ble_addr.c.obj
LOAD CMakeFiles/slate_firmware.elf.dir/port/nrf52/src/npl_freertos_hw.c.obj
LOAD CMakeFiles/slate_firmware.elf.dir/port/nrf52/src/port_rtc_tick.c.obj
LOAD C:/Program Files (x86)/Arm GNU Toolchain arm-none-eabi/14.2 rel1/bin/../lib/gcc/arm-none-eabi/14.2.1/thumb/v7e-m+fp/hard\libstdc++_nano.a
LOAD C:/Program Files (x86)/Arm GNU Toolchain arm-none-eabi/14.2 rel1/bin/../lib/gcc/arm-none-eabi/14.2.1/thumb/v7e-m+fp/hard\libm.a
START GROUP
LOAD C:/Program Files (x86)/Arm GNU Toolchain arm-none-eabi/14.2 rel1/bin/../lib/gcc/arm-none-eabi/14.2.1/thumb/v7e-m+fp/hard\libgcc.a
LOAD C:/Program Files (x86)/Arm GNU Toolchain arm-none-eabi/14.2 rel1/bin/../lib/gcc/arm-none-eabi/14.2.1/thumb/v7e-m+fp/hard\libc_nano.a
END GROUP
START GROUP
LOAD C:/Program Files (x86)/Arm GNU Toolchain arm-none-eabi/14.2 rel1/bin/../lib/gcc/arm-none-eabi/14.2.1/thumb/v7e-m+fp/hard\libgcc.a
LOAD C:/Program Files (x86)/Arm GNU Toolchain arm-none-eabi/14.2 rel1/bin/../lib/gcc/arm-none-eabi/14.2.1/thumb/v7e-m+fp/hard\libc_nano.a
LOAD C:/Program Files (x86)/Arm GNU Toolchain arm-none-eabi/14.2 rel1/bin/../lib/gcc/arm-none-eabi/14.2.1/thumb/v7e-m+fp/hard\libnosys.a
END GROUP
START GROUP
LOAD C:/Program Files (x86)/Arm GNU Toolchain arm-none-eabi/14.2 rel1/bin/../lib/gcc/arm-none-eabi/14.2.1/thumb/v7e-m+fp/hard\libgcc.a
LOAD C:/Program Files (x86)/Arm GNU Toolchain arm-none-eabi/14.2 rel1/bin/../lib/gcc/arm-none-eabi/14.2.1/thumb/v7e-m+fp/hard\libc_nano.a
LOAD C:/Program Files (x86)/Arm GNU Toolchain arm-none-eabi/14.2 rel1/bin/../lib/gcc/arm-none-eabi/14.2.1/thumb/v7e-m+fp/hard\libnosys.a
END GROUP
                0x00001000                        _stack_size = 0x1000
                0x00000200                        _heap_size = 0x200

.isr_vector     0x00008020       0xdc
 *(.isr_vector*)
 .isr_vector    0x00008020       0xdc CMakeFiles/slate_firmware.elf.dir/src/startup.cpp.obj

.text           0x00008100    0x1e97c
                0x00008100                        . = ALIGN (0x4)
 *(.text.Reset_Handler)
 .text.Reset_Handler
                0x00008100       0x78 CMakeFiles/slate_firmware.elf.dir/src/startup.cpp.obj
                0x00008100                Reset_Handler
 *(.text*)
 .text.Default_Handler
                0x00008178        0xa CMakeFiles/slate_firmware.elf.dir/src/startup.cpp.obj
                0x00008178                TIMER2_IRQHandler
                0x00008178                DebugMon_Handler
                0x00008178                RTC0_IRQHandler
                0x00008178                SWI0_EGU0_IRQHandler
                0x00008178                SWI2_EGU2_IRQHandler
                0x00008178                PWM1_IRQHandler
                0x00008178                NMI_Handler
                0x00008178                RADIO_IRQHandler
                0x00008178                PDM_IRQHandler
                0x00008178                TEMP_IRQHandler
                0x00008178                QDEC_IRQHandler
                0x00008178                TIMER3_IRQHandler
                0x00008178                FPU_IRQHandler
                0x00008178                SPIM0_SPIS0_TWIM0_TWIS0_SPI0_TWI0_IRQHandler
                0x00008178                UsageFault_Handler
                0x00008178                UARTE0_UART0_IRQHandler
                0x00008178                TIMER4_IRQHandler
                0x00008178                I2S_IRQHandler
                0x00008178                SWI4_EGU4_IRQHandler
                0x00008178                TIMER0_IRQHandler
                0x00008178                TIMER1_IRQHandler
                0x00008178                PWM2_IRQHandler
                0x00008178                ECB_IRQHandler
                0x00008178                SPIM1_SPIS1_TWIM1_TWIS1_SPI1_TWI1_IRQHandler
                0x00008178                Default_Handler
                0x00008178                SAADC_IRQHandler
                0x00008178                MemManage_Handler
                0x00008178                CCM_AAR_IRQHandler
                0x00008178                WDT_IRQHandler
                0x00008178                SWI5_EGU5_IRQHandler
                0x00008178                RNG_IRQHandler
                0x00008178                RTC2_IRQHandler
                0x00008178                PWM0_IRQHandler
                0x00008178                SWI3_EGU3_IRQHandler
                0x00008178                SWI1_EGU1_IRQHandler
                0x00008178                SPIM2_SPIS2_SPI2_IRQHandler
                0x00008178                NFCT_IRQHandler
                0x00008178                BusFault_Handler
                0x00008178                MWU_IRQHandler
                0x00008178                COMP_LPCOMP_IRQHandler
 *fill*         0x00008182        0x2 
 .text.slate_relocate_vtor
                0x00008184       0x34 CMakeFiles/slate_firmware.elf.dir/src/startup.cpp.obj
                0x00008184                slate_relocate_vtor
 .text._ZN12_GLOBAL__N_115nvmc_wait_readyEv
                0x000081b8       0x10 CMakeFiles/slate_firmware.elf.dir/src/system_nrf52832.cpp.obj
 .text.SystemInit
                0x000081c8       0xac CMakeFiles/slate_firmware.elf.dir/src/system_nrf52832.cpp.obj
                0x000081c8                SystemInit
 .text._ZN5board6microsEv
                0x00008274       0x10 CMakeFiles/slate_firmware.elf.dir/src/system_nrf52832.cpp.obj
                0x00008274                board::micros()
 .text._ZN5board12busy_wait_usEm
                0x00008284       0x20 CMakeFiles/slate_firmware.elf.dir/src/system_nrf52832.cpp.obj
                0x00008284                board::busy_wait_us(unsigned long)
 .text._ZN5board12busy_wait_msEm
                0x000082a4       0x28 CMakeFiles/slate_firmware.elf.dir/src/system_nrf52832.cpp.obj
                0x000082a4                board::busy_wait_ms(unsigned long)
 .text._ZN5board8motor_onEv
                0x000082cc        0xe CMakeFiles/slate_firmware.elf.dir/src/system_nrf52832.cpp.obj
                0x000082cc                board::motor_on()
 .text._ZN5board9motor_offEv
                0x000082da        0xe CMakeFiles/slate_firmware.elf.dir/src/system_nrf52832.cpp.obj
                0x000082da                board::motor_off()
 .text._ZN5board14button_hw_initEv
                0x000082e8       0x1e CMakeFiles/slate_firmware.elf.dir/src/system_nrf52832.cpp.obj
                0x000082e8                board::button_hw_init()
 *fill*         0x00008306        0x2 
 .text._ZN5board20capture_reset_reasonEv
                0x00008308       0x18 CMakeFiles/slate_firmware.elf.dir/src/system_nrf52832.cpp.obj
                0x00008308                board::capture_reset_reason()
 .text._ZN5board12reset_reasonEv
                0x00008320        0xc CMakeFiles/slate_firmware.elf.dir/src/system_nrf52832.cpp.obj
                0x00008320                board::reset_reason()
 .text._ZN5board10button_rawEv
                0x0000832c        0xe CMakeFiles/slate_firmware.elf.dir/src/system_nrf52832.cpp.obj
                0x0000832c                board::button_raw()
 *fill*         0x0000833a        0x2 
 .text._ZN5board18poll_reboot_buttonEv
                0x0000833c       0x7c CMakeFiles/slate_firmware.elf.dir/src/system_nrf52832.cpp.obj
                0x0000833c                board::poll_reboot_button()
 .text._ZN12_GLOBAL__N_110write_charEc
                0x000083b8       0x28 CMakeFiles/slate_firmware.elf.dir/src/rtt.cpp.obj
 .text._ZN3rtt4initEv
                0x000083e0        0x2 CMakeFiles/slate_firmware.elf.dir/src/rtt.cpp.obj
                0x000083e0                rtt::init()
 .text._ZN3rtt5writeEPKc
                0x000083e2       0x12 CMakeFiles/slate_firmware.elf.dir/src/rtt.cpp.obj
                0x000083e2                rtt::write(char const*)
 .text._ZN3rtt10write_lineEPKc
                0x000083f4       0x14 CMakeFiles/slate_firmware.elf.dir/src/rtt.cpp.obj
                0x000083f4                rtt::write_line(char const*)
 .text._ZN3rtt9write_hexEm
                0x00008408       0x2c CMakeFiles/slate_firmware.elf.dir/src/rtt.cpp.obj
                0x00008408                rtt::write_hex(unsigned long)
 .text._ZN3rtt3logENS_5LevelEPKc
                0x00008434       0x40 CMakeFiles/slate_firmware.elf.dir/src/rtt.cpp.obj
                0x00008434                rtt::log(rtt::Level, char const*)
 .text._ZN12_GLOBAL__N_114configure_pinsEv
                0x00008474       0x44 CMakeFiles/slate_firmware.elf.dir/src/spi_bus.cpp.obj
 .text._ZN12_GLOBAL__N_19wire_spimEv
                0x000084b8       0x30 CMakeFiles/slate_firmware.elf.dir/src/spi_bus.cpp.obj
 .text._ZN12_GLOBAL__N_114protocol_faultEPKc
                0x000084e8       0x14 CMakeFiles/slate_firmware.elf.dir/src/spi_bus.cpp.obj
 .text._ZN12_GLOBAL__N_18wait_endEm
                0x000084fc       0x74 CMakeFiles/slate_firmware.elf.dir/src/spi_bus.cpp.obj
 .text._ZN3spi4initEv
                0x00008570       0x4c CMakeFiles/slate_firmware.elf.dir/src/spi_bus.cpp.obj
                0x00008570                spi::init()
 .text._ZN3spi7acquireEv
                0x000085bc       0x44 CMakeFiles/slate_firmware.elf.dir/src/spi_bus.cpp.obj
                0x000085bc                spi::acquire()
 .text._ZN3spi7releaseEv
                0x00008600       0x54 CMakeFiles/slate_firmware.elf.dir/src/spi_bus.cpp.obj
                0x00008600                spi::release()
 .text._ZN3spi8transmitEPKhj
                0x00008654       0x74 CMakeFiles/slate_firmware.elf.dir/src/spi_bus.cpp.obj
                0x00008654                spi::transmit(unsigned char const*, unsigned int)
 .text._ZN3spi8transferEPKhjPhj
                0x000086c8       0x8c CMakeFiles/slate_firmware.elf.dir/src/spi_bus.cpp.obj
                0x000086c8                spi::transfer(unsigned char const*, unsigned int, unsigned char*, unsigned int)
 .text._ZN3spi9cs_assertEm
                0x00008754       0x50 CMakeFiles/slate_firmware.elf.dir/src/spi_bus.cpp.obj
                0x00008754                spi::cs_assert(unsigned long)
 .text._ZN3spi11cs_deassertEm
                0x000087a4       0x20 CMakeFiles/slate_firmware.elf.dir/src/spi_bus.cpp.obj
                0x000087a4                spi::cs_deassert(unsigned long)
 .text._ZN3spi10dc_commandEv
                0x000087c4        0xe CMakeFiles/slate_firmware.elf.dir/src/spi_bus.cpp.obj
                0x000087c4                spi::dc_command()
 .text._ZN3spi7dc_dataEv
                0x000087d2        0xe CMakeFiles/slate_firmware.elf.dir/src/spi_bus.cpp.obj
                0x000087d2                spi::dc_data()
 .text._ZN12_GLOBAL__N_117send_command_dataEhPKhm.isra.0
                0x000087e0       0x3e CMakeFiles/slate_firmware.elf.dir/src/st7789.cpp.obj
 .text._ZN12_GLOBAL__N_112send_commandEh.isra.0
                0x0000881e       0x2e CMakeFiles/slate_firmware.elf.dir/src/st7789.cpp.obj
 .text._ZN6st77898sleep_inEv
                0x0000884c       0x12 CMakeFiles/slate_firmware.elf.dir/src/st7789.cpp.obj
                0x0000884c                st7789::sleep_in()
 .text._ZN6st77899sleep_outEv
                0x0000885e       0x12 CMakeFiles/slate_firmware.elf.dir/src/st7789.cpp.obj
                0x0000885e                st7789::sleep_out()
 .text._ZN6st778910set_windowEtttt
                0x00008870       0x42 CMakeFiles/slate_firmware.elf.dir/src/st7789.cpp.obj
                0x00008870                st7789::set_window(unsigned short, unsigned short, unsigned short, unsigned short)
 .text._ZN12_GLOBAL__N_115clear_full_gramEt.constprop.0
                0x000088b2       0x54 CMakeFiles/slate_firmware.elf.dir/src/st7789.cpp.obj
 *fill*         0x00008906        0x2 
 .text._ZN6st77894initEv
                0x00008908      0x1bc CMakeFiles/slate_firmware.elf.dir/src/st7789.cpp.obj
                0x00008908                st7789::init()
 .text._ZN6st778912write_pixelsEPKhm
                0x00008ac4       0x2c CMakeFiles/slate_firmware.elf.dir/src/st7789.cpp.obj
                0x00008ac4                st7789::write_pixels(unsigned char const*, unsigned long)
 .text._ZN12_GLOBAL__N_14isinEl
                0x00008af0       0x44 CMakeFiles/slate_firmware.elf.dir/src/renderer.cpp.obj
 .text._ZNK8Renderer17tile_rejects_rowsEll.isra.0
                0x00008b34       0x20 CMakeFiles/slate_firmware.elf.dir/src/renderer.cpp.obj
 .text._ZN8RendererC2Ev
                0x00008b54       0x30 CMakeFiles/slate_firmware.elf.dir/src/renderer.cpp.obj
                0x00008b54                Renderer::Renderer()
                0x00008b54                Renderer::Renderer()
 .text._ZNK8Renderer12visible_rowsEtt
                0x00008b84       0x56 CMakeFiles/slate_firmware.elf.dir/src/renderer.cpp.obj
                0x00008b84                Renderer::visible_rows(unsigned short, unsigned short) const
 .text._ZNK8Renderer7in_clipEtt
                0x00008bda       0x3e CMakeFiles/slate_firmware.elf.dir/src/renderer.cpp.obj
                0x00008bda                Renderer::in_clip(unsigned short, unsigned short) const
 .text._ZN8Renderer9put_pixelEttt
                0x00008c18       0x50 CMakeFiles/slate_firmware.elf.dir/src/renderer.cpp.obj
                0x00008c18                Renderer::put_pixel(unsigned short, unsigned short, unsigned short)
 .text._ZN8Renderer9draw_lineEsssst
                0x00008c68       0xe4 CMakeFiles/slate_firmware.elf.dir/src/renderer.cpp.obj
                0x00008c68                Renderer::draw_line(short, short, short, short, unsigned short)
 .text._ZZZN8Renderer11draw_circleEssstENKUlssE_clEssENKUlssE_clEss
                0x00008d4c       0x18 CMakeFiles/slate_firmware.elf.dir/src/renderer.cpp.obj
 .text._ZN8Renderer11draw_circleEssst
                0x00008d64       0xfa CMakeFiles/slate_firmware.elf.dir/src/renderer.cpp.obj
                0x00008d64                Renderer::draw_circle(short, short, short, unsigned short)
 .text._ZZZN8Renderer15draw_round_rectEttttttENKUlssbbE_clEssbbENKUlssE_clEss
                0x00008e5e       0x46 CMakeFiles/slate_firmware.elf.dir/src/renderer.cpp.obj
 .text._ZZN8Renderer15draw_round_rectEttttttENKUlssbbE_clEssbb
                0x00008ea4       0x88 CMakeFiles/slate_firmware.elf.dir/src/renderer.cpp.obj
 .text._ZN8Renderer8draw_arcEssssst
                0x00008f2c       0x7a CMakeFiles/slate_firmware.elf.dir/src/renderer.cpp.obj
                0x00008f2c                Renderer::draw_arc(short, short, short, short, short, unsigned short)
 .text._ZN8Renderer9fill_rectEttttt
                0x00008fa6       0xba CMakeFiles/slate_firmware.elf.dir/src/renderer.cpp.obj
                0x00008fa6                Renderer::fill_rect(unsigned short, unsigned short, unsigned short, unsigned short, unsigned short)
 .text._ZN8Renderer15draw_round_rectEtttttt
                0x00009060      0x180 CMakeFiles/slate_firmware.elf.dir/src/renderer.cpp.obj
                0x00009060                Renderer::draw_round_rect(unsigned short, unsigned short, unsigned short, unsigned short, unsigned short, unsigned short)
 .text._ZN8Renderer11blit_rgb332EttttPKh
                0x000091e0       0x94 CMakeFiles/slate_firmware.elf.dir/src/renderer.cpp.obj
                0x000091e0                Renderer::blit_rgb332(unsigned short, unsigned short, unsigned short, unsigned short, unsigned char const*)
 .text._ZN8Renderer9blit_1bitEttttPKhtt
                0x00009274       0x86 CMakeFiles/slate_firmware.elf.dir/src/renderer.cpp.obj
                0x00009274                Renderer::blit_1bit(unsigned short, unsigned short, unsigned short, unsigned short, unsigned char const*, unsigned short, unsigned short)
 .text._ZN8Renderer15set_tile_filterEl
                0x000092fa        0xa CMakeFiles/slate_firmware.elf.dir/src/renderer.cpp.obj
                0x000092fa                Renderer::set_tile_filter(long)
 .text._ZN8Renderer8set_clipEtttt
                0x00009304       0x1a CMakeFiles/slate_firmware.elf.dir/src/renderer.cpp.obj
                0x00009304                Renderer::set_clip(unsigned short, unsigned short, unsigned short, unsigned short)
 .text._ZN8Renderer10clear_clipEv
                0x0000931e        0xc CMakeFiles/slate_firmware.elf.dir/src/renderer.cpp.obj
                0x0000931e                Renderer::clear_clip()
 .text._ZN8Renderer17clear_tile_bufferEt
                0x0000932a       0x1c CMakeFiles/slate_firmware.elf.dir/src/renderer.cpp.obj
                0x0000932a                Renderer::clear_tile_buffer(unsigned short)
 .text._ZN8Renderer19flush_filtered_tileEv
                0x00009346       0x46 CMakeFiles/slate_firmware.elf.dir/src/renderer.cpp.obj
                0x00009346                Renderer::flush_filtered_tile()
 .text._ZN9backlight3setEm.part.0
                0x0000938c       0x44 CMakeFiles/slate_firmware.elf.dir/src/backlight.cpp.obj
 .text._ZN9backlight4initEv
                0x000093d0       0x74 CMakeFiles/slate_firmware.elf.dir/src/backlight.cpp.obj
                0x000093d0                backlight::init()
 .text._ZN9backlight3setEm
                0x00009444       0x5c CMakeFiles/slate_firmware.elf.dir/src/backlight.cpp.obj
                0x00009444                backlight::set(unsigned long)
 .text._ZN9backlight3offEv
                0x000094a0        0x4 CMakeFiles/slate_firmware.elf.dir/src/backlight.cpp.obj
                0x000094a0                backlight::off()
 .text._ZN9backlight6on_lowEv
                0x000094a4        0x6 CMakeFiles/slate_firmware.elf.dir/src/backlight.cpp.obj
                0x000094a4                backlight::on_low()
 .text._ZN9backlight6on_midEv
                0x000094aa        0x6 CMakeFiles/slate_firmware.elf.dir/src/backlight.cpp.obj
                0x000094aa                backlight::on_mid()
 .text._ZN9backlight7on_highEv
                0x000094b0        0x6 CMakeFiles/slate_firmware.elf.dir/src/backlight.cpp.obj
                0x000094b0                backlight::on_high()
 .text._ZN12_GLOBAL__N_112clear_eventsEv
                0x000094b6       0x1c CMakeFiles/slate_firmware.elf.dir/src/twi.cpp.obj
 .text._ZN12_GLOBAL__N_110wait_eventEjmPN3twi6StatusE.constprop.0
                0x000094d2       0x82 CMakeFiles/slate_firmware.elf.dir/src/twi.cpp.obj
 .text._ZN3twi11recover_busEv
                0x00009554       0x98 CMakeFiles/slate_firmware.elf.dir/src/twi.cpp.obj
                0x00009554                twi::recover_bus()
 .text._ZN3twi5sleepEv
                0x000095ec        0xc CMakeFiles/slate_firmware.elf.dir/src/twi.cpp.obj
                0x000095ec                twi::sleep()
 .text._ZN3twi4wakeEv
                0x000095f8        0xc CMakeFiles/slate_firmware.elf.dir/src/twi.cpp.obj
                0x000095f8                twi::wake()
 .text._ZN3twi4initEv
                0x00009604       0x3e CMakeFiles/slate_firmware.elf.dir/src/twi.cpp.obj
                0x00009604                twi::init()
 *fill*         0x00009642        0x2 
 .text._ZN3twi5writeEhPKhjm
                0x00009644       0x68 CMakeFiles/slate_firmware.elf.dir/src/twi.cpp.obj
                0x00009644                twi::write(unsigned char, unsigned char const*, unsigned int, unsigned long)
 .text._ZN3twi4readEhPhjm
                0x000096ac       0x68 CMakeFiles/slate_firmware.elf.dir/src/twi.cpp.obj
                0x000096ac                twi::read(unsigned char, unsigned char*, unsigned int, unsigned long)
 .text._ZN3twi10write_readEhPKhjPhjm
                0x00009714       0x9c CMakeFiles/slate_firmware.elf.dir/src/twi.cpp.obj
                0x00009714                twi::write_read(unsigned char, unsigned char const*, unsigned int, unsigned char*, unsigned int, unsigned long)
 .text.GPIOTE_IRQHandler
                0x000097b0       0x78 CMakeFiles/slate_firmware.elf.dir/src/cst816s.cpp.obj
                0x000097b0                GPIOTE_IRQHandler
 .text._ZN7cst816s4initEv
                0x00009828      0x108 CMakeFiles/slate_firmware.elf.dir/src/cst816s.cpp.obj
                0x00009828                cst816s::init()
 .text._ZN7cst816s11irq_pendingEv
                0x00009930        0xc CMakeFiles/slate_firmware.elf.dir/src/cst816s.cpp.obj
                0x00009930                cst816s::irq_pending()
 .text._ZN7cst816s9irq_countEv
                0x0000993c        0xc CMakeFiles/slate_firmware.elf.dir/src/cst816s.cpp.obj
                0x0000993c                cst816s::irq_count()
 .text._ZN7cst816s15read_fail_countEv
                0x00009948        0xc CMakeFiles/slate_firmware.elf.dir/src/cst816s.cpp.obj
                0x00009948                cst816s::read_fail_count()
 .text._ZN7cst816s4pollEv
                0x00009954       0xac CMakeFiles/slate_firmware.elf.dir/src/cst816s.cpp.obj
                0x00009954                cst816s::poll()
 .text._ZN5slate5motor12_GLOBAL__N_15applyERKNS0_3Seq6ActionE
                0x00009a00       0x84 CMakeFiles/slate_firmware.elf.dir/src/motor.cpp.obj
 .text._ZN5slate5motor12_GLOBAL__N_19on_expireEP15tmrTimerControl
                0x00009a84       0x54 CMakeFiles/slate_firmware.elf.dir/src/motor.cpp.obj
 .text._ZN5slate5motor12pattern_descEh
                0x00009ad8       0x60 CMakeFiles/slate_firmware.elf.dir/src/motor.cpp.obj
                0x00009ad8                slate::motor::pattern_desc(unsigned char)
 .text._ZN5slate5motor4initEv
                0x00009b38       0x38 CMakeFiles/slate_firmware.elf.dir/src/motor.cpp.obj
                0x00009b38                slate::motor::init()
 .text._ZN5slate5motor4stopEv
                0x00009b70       0x2c CMakeFiles/slate_firmware.elf.dir/src/motor.cpp.obj
                0x00009b70                slate::motor::stop()
 .text._ZN5slate5motor4playEh
                0x00009b9c       0x64 CMakeFiles/slate_firmware.elf.dir/src/motor.cpp.obj
                0x00009b9c                slate::motor::play(unsigned char)
 .text._ZN6button4initEv
                0x00009c00       0x24 CMakeFiles/slate_firmware.elf.dir/src/button.cpp.obj
                0x00009c00                button::init()
 .text._ZN6button4pollEv
                0x00009c24      0x138 CMakeFiles/slate_firmware.elf.dir/src/button.cpp.obj
                0x00009c24                button::poll()
 .text._ZN5input8hit_testEttPKNS_7HitRectEj
                0x00009d5c       0x52 CMakeFiles/slate_firmware.elf.dir/src/input_event.cpp.obj
                0x00009d5c                input::hit_test(unsigned short, unsigned short, input::HitRect const*, unsigned int)
 *fill*         0x00009dae        0x2 
 .text._ZN5input4initEv
                0x00009db0       0x20 CMakeFiles/slate_firmware.elf.dir/src/input_event.cpp.obj
                0x00009db0                input::init()
 .text._ZN5input13set_hit_rectsEPKNS_7HitRectEj
                0x00009dd0       0x14 CMakeFiles/slate_firmware.elf.dir/src/input_event.cpp.obj
                0x00009dd0                input::set_hit_rects(input::HitRect const*, unsigned int)
 .text._ZN5input4pollEv
                0x00009de4      0x10c CMakeFiles/slate_firmware.elf.dir/src/input_event.cpp.obj
                0x00009de4                input::poll()
 .text._ZN5slate11InputRouter4initENS0_5HooksEPN3sdp11InterpreterEPNS_7session7ManagerE
                0x00009ef0       0x28 CMakeFiles/slate_firmware.elf.dir/src/input_router.cpp.obj
                0x00009ef0                slate::InputRouter::init(slate::InputRouter::Hooks, sdp::Interpreter*, slate::session::Manager*)
 .text._ZN5slate11InputRouter8set_hitsEPKN5input7HitRectEj
                0x00009f18        0x6 CMakeFiles/slate_firmware.elf.dir/src/input_router.cpp.obj
                0x00009f18                slate::InputRouter::set_hits(input::HitRect const*, unsigned int)
 .text._ZN5slate11InputRouter4emitEPKhj
                0x00009f1e       0x2c CMakeFiles/slate_firmware.elf.dir/src/input_router.cpp.obj
                0x00009f1e                slate::InputRouter::emit(unsigned char const*, unsigned int)
 .text._ZNK5slate11InputRouter8find_hitEtt
                0x00009f4a       0x52 CMakeFiles/slate_firmware.elf.dir/src/input_router.cpp.obj
                0x00009f4a                slate::InputRouter::find_hit(unsigned short, unsigned short) const
 .text._ZN5slate11InputRouter10map_buttonEN6button6ActionE
                0x00009f9c       0x12 CMakeFiles/slate_firmware.elf.dir/src/input_router.cpp.obj
                0x00009f9c                slate::InputRouter::map_button(button::Action)
 .text._ZN5slate11InputRouter8on_eventERKN5input5EventE
                0x00009fae      0x188 CMakeFiles/slate_firmware.elf.dir/src/input_router.cpp.obj
                0x00009fae                slate::InputRouter::on_event(input::Event const&)
 .text._ZN3sdp6Reader4needEj
                0x0000a136       0x22 CMakeFiles/slate_firmware.elf.dir/src/sdp_validate.cpp.obj
                0x0000a136                sdp::Reader::need(unsigned int)
 .text._ZN3sdp6Reader7take_u8Ev
                0x0000a158       0x18 CMakeFiles/slate_firmware.elf.dir/src/sdp_validate.cpp.obj
                0x0000a158                sdp::Reader::take_u8()
 .text._ZN3sdp12decode_colorERNS_6ReaderERKNS_7PaletteEPt
                0x0000a170       0x60 CMakeFiles/slate_firmware.elf.dir/src/sdp_validate.cpp.obj
                0x0000a170                sdp::decode_color(sdp::Reader&, sdp::Palette const&, unsigned short*)
 .text._ZN3sdp12decode_styleERNS_6ReaderEPNS_5StyleE
                0x0000a1d0       0x3a CMakeFiles/slate_firmware.elf.dir/src/sdp_validate.cpp.obj
                0x0000a1d0                sdp::decode_style(sdp::Reader&, sdp::Style*)
 .text._ZZN3sdp5parseEPKhjRKNS_12ParseOptionsEPNS_4SinkEENKUlhhhhE_clEhhhh.isra.0
                0x0000a20a       0x2c CMakeFiles/slate_firmware.elf.dir/src/sdp_parser.cpp.obj
 .text._ZN3sdp12_GLOBAL__N_112require_execERKNS_12ParseOptionsEPNS_4SinkE.isra.0
                0x0000a236        0xc CMakeFiles/slate_firmware.elf.dir/src/sdp_parser.cpp.obj
 .text._ZN3sdp6Reader11take_u16_leEv
                0x0000a242       0x22 CMakeFiles/slate_firmware.elf.dir/src/sdp_parser.cpp.obj
                0x0000a242                sdp::Reader::take_u16_le()
 .text._ZN3sdp6Reader10take_bytesEj
                0x0000a264       0x18 CMakeFiles/slate_firmware.elf.dir/src/sdp_parser.cpp.obj
                0x0000a264                sdp::Reader::take_bytes(unsigned int)
 .text._ZN3sdp5parseEPKhjRKNS_12ParseOptionsEPNS_4SinkE
                0x0000a27c      0xeb4 CMakeFiles/slate_firmware.elf.dir/src/sdp_parser.cpp.obj
                0x0000a27c                sdp::parse(unsigned char const*, unsigned int, sdp::ParseOptions const&, sdp::Sink*)
 .text._ZN3sdp4Sink5clearEt
                0x0000b130        0x2 CMakeFiles/slate_firmware.elf.dir/src/sdp_interpreter.cpp.obj
                0x0000b130                sdp::Sink::clear(unsigned short)
 .text._ZN3sdp4Sink11set_paletteEht
                0x0000b132        0x2 CMakeFiles/slate_firmware.elf.dir/src/sdp_interpreter.cpp.obj
                0x0000b132                sdp::Sink::set_palette(unsigned char, unsigned short)
 .text._ZN3sdp4Sink4rectEhhhhtNS_5StyleE
                0x0000b134        0x2 CMakeFiles/slate_firmware.elf.dir/src/sdp_interpreter.cpp.obj
                0x0000b134                sdp::Sink::rect(unsigned char, unsigned char, unsigned char, unsigned char, unsigned short, sdp::Style)
 .text._ZN3sdp4Sink10rect_roundEhhhhhtNS_5StyleE
                0x0000b136        0x2 CMakeFiles/slate_firmware.elf.dir/src/sdp_interpreter.cpp.obj
                0x0000b136                sdp::Sink::rect_round(unsigned char, unsigned char, unsigned char, unsigned char, unsigned char, unsigned short, sdp::Style)
 .text._ZN3sdp4Sink4lineEhhhhth
                0x0000b138        0x2 CMakeFiles/slate_firmware.elf.dir/src/sdp_interpreter.cpp.obj
                0x0000b138                sdp::Sink::line(unsigned char, unsigned char, unsigned char, unsigned char, unsigned short, unsigned char)
 .text._ZN3sdp4Sink6circleEhhhtNS_5StyleE
                0x0000b13a        0x2 CMakeFiles/slate_firmware.elf.dir/src/sdp_interpreter.cpp.obj
                0x0000b13a                sdp::Sink::circle(unsigned char, unsigned char, unsigned char, unsigned short, sdp::Style)
 .text._ZN3sdp4Sink3arcEhhhttth
                0x0000b13c        0x2 CMakeFiles/slate_firmware.elf.dir/src/sdp_interpreter.cpp.obj
                0x0000b13c                sdp::Sink::arc(unsigned char, unsigned char, unsigned char, unsigned short, unsigned short, unsigned short, unsigned char)
 .text._ZN3sdp4Sink8polylineEhthPKh
                0x0000b13e        0x2 CMakeFiles/slate_firmware.elf.dir/src/sdp_interpreter.cpp.obj
                0x0000b13e                sdp::Sink::polyline(unsigned char, unsigned short, unsigned char, unsigned char const*)
 .text._ZN3sdp4Sink9clip_rectEhhhh
                0x0000b140        0x2 CMakeFiles/slate_firmware.elf.dir/src/sdp_interpreter.cpp.obj
                0x0000b140                sdp::Sink::clip_rect(unsigned char, unsigned char, unsigned char, unsigned char)
 .text._ZN3sdp4Sink10clip_clearEv
                0x0000b142        0x2 CMakeFiles/slate_firmware.elf.dir/src/sdp_interpreter.cpp.obj
                0x0000b142                sdp::Sink::clip_clear()
 .text._ZN3sdp4Sink4textEhhhthhPKh
                0x0000b144        0x2 CMakeFiles/slate_firmware.elf.dir/src/sdp_interpreter.cpp.obj
                0x0000b144                sdp::Sink::text(unsigned char, unsigned char, unsigned char, unsigned short, unsigned char, unsigned char, unsigned char const*)
 .text._ZN3sdp4Sink11text_scaledEhhhthhhPKh
                0x0000b146       0x26 CMakeFiles/slate_firmware.elf.dir/src/sdp_interpreter.cpp.obj
                0x0000b146                sdp::Sink::text_scaled(unsigned char, unsigned char, unsigned char, unsigned short, unsigned char, unsigned char, unsigned char, unsigned char const*)
 .text._ZN3sdp4Sink8text_boxEhhhhhthhhPKh
                0x0000b16c        0x2 CMakeFiles/slate_firmware.elf.dir/src/sdp_interpreter.cpp.obj
                0x0000b16c                sdp::Sink::text_box(unsigned char, unsigned char, unsigned char, unsigned char, unsigned char, unsigned short, unsigned char, unsigned char, unsigned char, unsigned char const*)
 .text._ZN3sdp4Sink4iconEhthht
                0x0000b16e        0x2 CMakeFiles/slate_firmware.elf.dir/src/sdp_interpreter.cpp.obj
                0x0000b16e                sdp::Sink::icon(unsigned char, unsigned short, unsigned char, unsigned char, unsigned short)
 .text._ZN3sdp4Sink5imageEhthh
                0x0000b170        0x2 CMakeFiles/slate_firmware.elf.dir/src/sdp_interpreter.cpp.obj
                0x0000b170                sdp::Sink::image(unsigned char, unsigned short, unsigned char, unsigned char)
 .text._ZN3sdp4Sink12progress_barEhhhhhtt
                0x0000b172        0x2 CMakeFiles/slate_firmware.elf.dir/src/sdp_interpreter.cpp.obj
                0x0000b172                sdp::Sink::progress_bar(unsigned char, unsigned char, unsigned char, unsigned char, unsigned char, unsigned short, unsigned short)
 .text._ZN3sdp4Sink12progress_arcEhhhhtth
                0x0000b174        0x2 CMakeFiles/slate_firmware.elf.dir/src/sdp_interpreter.cpp.obj
                0x0000b174                sdp::Sink::progress_arc(unsigned char, unsigned char, unsigned char, unsigned char, unsigned short, unsigned short, unsigned char)
 .text._ZN3sdp4Sink10begin_elemEthhhhh
                0x0000b176        0x2 CMakeFiles/slate_firmware.elf.dir/src/sdp_interpreter.cpp.obj
                0x0000b176                sdp::Sink::begin_elem(unsigned short, unsigned char, unsigned char, unsigned char, unsigned char, unsigned char)
 .text._ZN3sdp4Sink8end_elemEv
                0x0000b178        0x2 CMakeFiles/slate_firmware.elf.dir/src/sdp_interpreter.cpp.obj
                0x0000b178                sdp::Sink::end_elem()
 .text._ZN3sdp4Sink13scroll_regionEhht
                0x0000b17a        0x2 CMakeFiles/slate_firmware.elf.dir/src/sdp_interpreter.cpp.obj
                0x0000b17a                sdp::Sink::scroll_region(unsigned char, unsigned char, unsigned short)
 .text._ZN3sdp4Sink5patchEhhhhhhhtPKh
                0x0000b17c        0x2 CMakeFiles/slate_firmware.elf.dir/src/sdp_interpreter.cpp.obj
                0x0000b17c                sdp::Sink::patch(unsigned char, unsigned char, unsigned char, unsigned char, unsigned char, unsigned char, unsigned char, unsigned short, unsigned char const*)
 .text._ZN3sdp4Sink9patch_refEhhh
                0x0000b17e        0x2 CMakeFiles/slate_firmware.elf.dir/src/sdp_interpreter.cpp.obj
                0x0000b17e                sdp::Sink::patch_ref(unsigned char, unsigned char, unsigned char)
 .text._ZN3sdp4Sink6hapticEh
                0x0000b180        0x2 CMakeFiles/slate_firmware.elf.dir/src/sdp_interpreter.cpp.obj
                0x0000b180                sdp::Sink::haptic(unsigned char)
 .text._ZN3sdp4Sink9backlightEh
                0x0000b182        0x2 CMakeFiles/slate_firmware.elf.dir/src/sdp_interpreter.cpp.obj
                0x0000b182                sdp::Sink::backlight(unsigned char)
 .text._ZN3sdp4Sink6commitEh
                0x0000b184        0x2 CMakeFiles/slate_firmware.elf.dir/src/sdp_interpreter.cpp.obj
                0x0000b184                sdp::Sink::commit(unsigned char)
 .text._ZN3sdp4Sink6retainEt
                0x0000b186        0x2 CMakeFiles/slate_firmware.elf.dir/src/sdp_interpreter.cpp.obj
                0x0000b186                sdp::Sink::retain(unsigned short)
 .text._ZN3sdp12_GLOBAL__N_18MetaSink10begin_elemEthhhhh
                0x0000b188       0x30 CMakeFiles/slate_firmware.elf.dir/src/sdp_interpreter.cpp.obj
 .text._ZN3sdp12_GLOBAL__N_18MetaSink8end_elemEv
                0x0000b1b8       0xa6 CMakeFiles/slate_firmware.elf.dir/src/sdp_interpreter.cpp.obj
 .text._ZN3sdp12_GLOBAL__N_18MetaSink13scroll_regionEhht
                0x0000b25e       0x2a CMakeFiles/slate_firmware.elf.dir/src/sdp_interpreter.cpp.obj
 .text._ZN3sdp12_GLOBAL__N_18MetaSink10clip_clearEv
                0x0000b288        0x8 CMakeFiles/slate_firmware.elf.dir/src/sdp_interpreter.cpp.obj
 .text._ZN3sdp12_GLOBAL__N_18DrawSink9patch_refEhhh
                0x0000b290        0x2 CMakeFiles/slate_firmware.elf.dir/src/sdp_interpreter.cpp.obj
 .text._ZN3sdp12_GLOBAL__N_18DrawSink6hapticEh
                0x0000b292        0x2 CMakeFiles/slate_firmware.elf.dir/src/sdp_interpreter.cpp.obj
 .text._ZN3sdp12_GLOBAL__N_114SideEffectSink9backlightEh
                0x0000b294        0x6 CMakeFiles/slate_firmware.elf.dir/src/sdp_interpreter.cpp.obj
 .text._ZN3sdp12_GLOBAL__N_114SideEffectSink6hapticEh
                0x0000b29a        0x6 CMakeFiles/slate_firmware.elf.dir/src/sdp_interpreter.cpp.obj
 .text._ZN3sdp12_GLOBAL__N_18DrawSink10clip_clearEv
                0x0000b2a0       0x10 CMakeFiles/slate_firmware.elf.dir/src/sdp_interpreter.cpp.obj
 .text._ZN3sdp12_GLOBAL__N_18DrawSink5clearEt
                0x0000b2b0        0xc CMakeFiles/slate_firmware.elf.dir/src/sdp_interpreter.cpp.obj
 .text._ZN3sdp12_GLOBAL__N_113draw_text_runEP8RendererhhhthhPKhh
                0x0000b2bc      0x140 CMakeFiles/slate_firmware.elf.dir/src/sdp_interpreter.cpp.obj
 .text._ZN3sdp12_GLOBAL__N_18DrawSink13scroll_regionEhht
                0x0000b3fc       0x1e CMakeFiles/slate_firmware.elf.dir/src/sdp_interpreter.cpp.obj
 .text._ZNK3sdp12_GLOBAL__N_18DrawSink5map_yEh.isra.0
                0x0000b41a       0x1a CMakeFiles/slate_firmware.elf.dir/src/sdp_interpreter.cpp.obj
 .text._ZN3sdp12_GLOBAL__N_18DrawSink4textEhhhthhPKh
                0x0000b434       0x3e CMakeFiles/slate_firmware.elf.dir/src/sdp_interpreter.cpp.obj
 .text._ZN3sdp12_GLOBAL__N_18DrawSink11text_scaledEhhhthhhPKh
                0x0000b472       0x44 CMakeFiles/slate_firmware.elf.dir/src/sdp_interpreter.cpp.obj
 .text._ZN3sdp12_GLOBAL__N_18DrawSink8text_boxEhhhhhthhhPKh
                0x0000b4b6       0x3e CMakeFiles/slate_firmware.elf.dir/src/sdp_interpreter.cpp.obj
 .text._ZN3sdp12_GLOBAL__N_18DrawSink4rectEhhhhtNS_5StyleE
                0x0000b4f4       0x96 CMakeFiles/slate_firmware.elf.dir/src/sdp_interpreter.cpp.obj
 .text._ZN3sdp12_GLOBAL__N_18DrawSink10rect_roundEhhhhhtNS_5StyleE
                0x0000b58a       0x68 CMakeFiles/slate_firmware.elf.dir/src/sdp_interpreter.cpp.obj
 .text._ZN3sdp12_GLOBAL__N_18DrawSink6circleEhhhtNS_5StyleE
                0x0000b5f2       0x6c CMakeFiles/slate_firmware.elf.dir/src/sdp_interpreter.cpp.obj
 .text._ZN3sdp12_GLOBAL__N_18DrawSink4lineEhhhhth
                0x0000b65e       0x4c CMakeFiles/slate_firmware.elf.dir/src/sdp_interpreter.cpp.obj
 .text._ZN3sdp12_GLOBAL__N_18DrawSink8polylineEhthPKh
                0x0000b6aa       0x60 CMakeFiles/slate_firmware.elf.dir/src/sdp_interpreter.cpp.obj
 .text._ZN3sdp12_GLOBAL__N_18DrawSink3arcEhhhttth
                0x0000b70a       0x40 CMakeFiles/slate_firmware.elf.dir/src/sdp_interpreter.cpp.obj
 .text._ZN3sdp12_GLOBAL__N_18DrawSink12progress_arcEhhhhtth
                0x0000b74a       0x78 CMakeFiles/slate_firmware.elf.dir/src/sdp_interpreter.cpp.obj
 .text._ZN3sdp12_GLOBAL__N_18DrawSink9clip_rectEhhhh
                0x0000b7c2       0x2c CMakeFiles/slate_firmware.elf.dir/src/sdp_interpreter.cpp.obj
 .text._ZN3sdp12_GLOBAL__N_18DrawSink5patchEhhhhhhhtPKh
                0x0000b7ee       0xf0 CMakeFiles/slate_firmware.elf.dir/src/sdp_interpreter.cpp.obj
 .text._ZN3sdp12_GLOBAL__N_18DrawSink4iconEhthht
                0x0000b8de       0x2c CMakeFiles/slate_firmware.elf.dir/src/sdp_interpreter.cpp.obj
 .text._ZN3sdp12_GLOBAL__N_18DrawSink5imageEhthh
                0x0000b90a       0x2c CMakeFiles/slate_firmware.elf.dir/src/sdp_interpreter.cpp.obj
 .text._ZN3sdp12_GLOBAL__N_18DrawSink12progress_barEhhhhhtt
                0x0000b936       0x60 CMakeFiles/slate_firmware.elf.dir/src/sdp_interpreter.cpp.obj
 .text._ZN3sdp11Interpreter4initEP8Renderer
                0x0000b996       0x18 CMakeFiles/slate_firmware.elf.dir/src/sdp_interpreter.cpp.obj
                0x0000b996                sdp::Interpreter::init(Renderer*)
 *fill*         0x0000b9ae        0x2 
 .text._ZN3sdp11Interpreter28rebuild_hits_and_scroll_metaEv
                0x0000b9b0       0xac CMakeFiles/slate_firmware.elf.dir/src/sdp_interpreter.cpp.obj
                0x0000b9b0                sdp::Interpreter::rebuild_hits_and_scroll_meta()
 .text._ZN3sdp11Interpreter26render_retained_to_displayEv
                0x0000ba5c       0x9c CMakeFiles/slate_firmware.elf.dir/src/sdp_interpreter.cpp.obj
                0x0000ba5c                sdp::Interpreter::render_retained_to_display()
 .text._ZN3sdp11Interpreter9push_listEPKhj
                0x0000baf8      0x100 CMakeFiles/slate_firmware.elf.dir/src/sdp_interpreter.cpp.obj
                0x0000baf8                sdp::Interpreter::push_list(unsigned char const*, unsigned int)
 .text._ZN3sdp11Interpreter17set_scroll_offsetEt
                0x0000bbf8       0x4c CMakeFiles/slate_firmware.elf.dir/src/sdp_interpreter.cpp.obj
                0x0000bbf8                sdp::Interpreter::set_scroll_offset(unsigned short)
 .text._ZN3sdp5frame15encode_fragmentEhhhtPKhjPhj
                0x0000bc44       0x78 CMakeFiles/slate_firmware.elf.dir/src/sdp_frame.cpp.obj
                0x0000bc44                sdp::frame::encode_fragment(unsigned char, unsigned char, unsigned char, unsigned short, unsigned char const*, unsigned int, unsigned char*, unsigned int)
 .text._ZN3sdp5frame16fragment_messageEhhPhPKhjPFbS3_jPvES4_
                0x0000bcbc       0xca CMakeFiles/slate_firmware.elf.dir/src/sdp_frame.cpp.obj
                0x0000bcbc                sdp::frame::fragment_message(unsigned char, unsigned char, unsigned char*, unsigned char const*, unsigned int, bool (*)(unsigned char const*, unsigned int, void*), void*)
 .text._ZN3sdp5frame11Reassembler13reset_channelEh
                0x0000bd86       0x14 CMakeFiles/slate_firmware.elf.dir/src/sdp_frame.cpp.obj
                0x0000bd86                sdp::frame::Reassembler::reset_channel(unsigned char)
 .text._ZN3sdp5frame11Reassembler5resetEv
                0x0000bd9a       0x20 CMakeFiles/slate_firmware.elf.dir/src/sdp_frame.cpp.obj
                0x0000bd9a                sdp::frame::Reassembler::reset()
 .text._ZN3sdp5frame11Reassembler6ingestEPKhj
                0x0000bdba      0x19a CMakeFiles/slate_firmware.elf.dir/src/sdp_frame.cpp.obj
                0x0000bdba                sdp::frame::Reassembler::ingest(unsigned char const*, unsigned int)
 .text._ZN3sdp4diag5Bench11reply_bytesEPKhj
                0x0000bf54       0x1e CMakeFiles/slate_firmware.elf.dir/src/sdp_diag.cpp.obj
                0x0000bf54                sdp::diag::Bench::reply_bytes(unsigned char const*, unsigned int)
 .text._ZN3sdp4diag5Bench11handle_pingEPKhj
                0x0000bf72       0x38 CMakeFiles/slate_firmware.elf.dir/src/sdp_diag.cpp.obj
                0x0000bf72                sdp::diag::Bench::handle_ping(unsigned char const*, unsigned int)
 *fill*         0x0000bfaa        0x2 
 .text._ZN3sdp4diag5Bench17maybe_finish_thruEv
                0x0000bfac       0x94 CMakeFiles/slate_firmware.elf.dir/src/sdp_diag.cpp.obj
                0x0000bfac                sdp::diag::Bench::maybe_finish_thru()
 .text._ZN3sdp4diag5Bench17handle_thru_startEPKhj
                0x0000c040       0x40 CMakeFiles/slate_firmware.elf.dir/src/sdp_diag.cpp.obj
                0x0000c040                sdp::diag::Bench::handle_thru_start(unsigned char const*, unsigned int)
 .text._ZN3sdp4diag5Bench16handle_thru_dataEPKhj
                0x0000c080       0x14 CMakeFiles/slate_firmware.elf.dir/src/sdp_diag.cpp.obj
                0x0000c080                sdp::diag::Bench::handle_thru_data(unsigned char const*, unsigned int)
 .text._ZN3sdp4diag5Bench10handle_rttEPKhj
                0x0000c094       0x4c CMakeFiles/slate_firmware.elf.dir/src/sdp_diag.cpp.obj
                0x0000c094                sdp::diag::Bench::handle_rtt(unsigned char const*, unsigned int)
 .text._ZN3sdp4diag5Bench11handle_mbufEv
                0x0000c0e0       0x64 CMakeFiles/slate_firmware.elf.dir/src/sdp_diag.cpp.obj
                0x0000c0e0                sdp::diag::Bench::handle_mbuf()
 .text._ZN3sdp4diag5Bench13handle_renderEPKhj
                0x0000c144       0x8c CMakeFiles/slate_firmware.elf.dir/src/sdp_diag.cpp.obj
                0x0000c144                sdp::diag::Bench::handle_render(unsigned char const*, unsigned int)
 .text._ZN3sdp4diag5Bench6handleEPKhj
                0x0000c1d0       0x60 CMakeFiles/slate_firmware.elf.dir/src/sdp_diag.cpp.obj
                0x0000c1d0                sdp::diag::Bench::handle(unsigned char const*, unsigned int)
 .text._ZZN5slate7session7Manager18encode_hello_offerEPhjbENKUlhE_clEh
                0x0000c230       0x1c CMakeFiles/slate_firmware.elf.dir/src/session.cpp.obj
 .text._ZZN5slate7session7Manager18encode_hello_offerEPhjbENKUltE_clEt
                0x0000c24c       0x1a CMakeFiles/slate_firmware.elf.dir/src/session.cpp.obj
 .text._ZZN5slate7session7Manager18fill_opcode_bitmapEPhENKUlhE_clEh.isra.0
                0x0000c266       0x14 CMakeFiles/slate_firmware.elf.dir/src/session.cpp.obj
 *fill*         0x0000c27a        0x2 
 .text._ZN5slate7profile4findEh
                0x0000c27c       0x1c CMakeFiles/slate_firmware.elf.dir/src/session.cpp.obj
                0x0000c27c                slate::profile::find(unsigned char)
 .text._ZN5slate7session7Manager18fill_opcode_bitmapEPh
                0x0000c298       0xdc CMakeFiles/slate_firmware.elf.dir/src/session.cpp.obj
                0x0000c298                slate::session::Manager::fill_opcode_bitmap(unsigned char*)
 .text._ZN5slate7session7Manager18encode_hello_offerEPhjb
                0x0000c374      0x124 CMakeFiles/slate_firmware.elf.dir/src/session.cpp.obj
                0x0000c374                slate::session::Manager::encode_hello_offer(unsigned char*, unsigned int, bool)
 .text._ZN5slate7session7Manager11clear_phoneEv
                0x0000c498       0x16 CMakeFiles/slate_firmware.elf.dir/src/session.cpp.obj
                0x0000c498                slate::session::Manager::clear_phone()
 .text._ZN5slate7session7Manager4initERKNS0_5HooksE
                0x0000c4ae       0x2c CMakeFiles/slate_firmware.elf.dir/src/session.cpp.obj
                0x0000c4ae                slate::session::Manager::init(slate::session::Hooks const&)
 .text._ZN5slate7session7Manager10send_inputEPKhj
                0x0000c4da       0x18 CMakeFiles/slate_firmware.elf.dir/src/session.cpp.obj
                0x0000c4da                slate::session::Manager::send_input(unsigned char const*, unsigned int)
 .text._ZN5slate7session7Manager16send_session_endEh
                0x0000c4f2       0x1a CMakeFiles/slate_firmware.elf.dir/src/session.cpp.obj
                0x0000c4f2                slate::session::Manager::send_session_end(unsigned char)
 .text._ZN5slate7session7Manager11send_creditEv
                0x0000c50c       0x28 CMakeFiles/slate_firmware.elf.dir/src/session.cpp.obj
                0x0000c50c                slate::session::Manager::send_credit()
 .text._ZN5slate7session7Manager16send_profile_ackEhh
                0x0000c534       0x22 CMakeFiles/slate_firmware.elf.dir/src/session.cpp.obj
                0x0000c534                slate::session::Manager::send_profile_ack(unsigned char, unsigned char)
 .text._ZN5slate7session7Manager16send_hello_offerEv
                0x0000c556       0x28 CMakeFiles/slate_firmware.elf.dir/src/session.cpp.obj
                0x0000c556                slate::session::Manager::send_hello_offer()
 .text._ZN5slate7session7Manager22apply_selected_profileEh
                0x0000c57e       0x1e CMakeFiles/slate_firmware.elf.dir/src/session.cpp.obj
                0x0000c57e                slate::session::Manager::apply_selected_profile(unsigned char)
 .text._ZN5slate7session7Manager10on_link_upEm
                0x0000c59c       0x40 CMakeFiles/slate_firmware.elf.dir/src/session.cpp.obj
                0x0000c59c                slate::session::Manager::on_link_up(unsigned long)
 .text._ZN5slate7session7Manager12on_link_downEm
                0x0000c5dc       0x50 CMakeFiles/slate_firmware.elf.dir/src/session.cpp.obj
                0x0000c5dc                slate::session::Manager::on_link_down(unsigned long)
 .text._ZN5slate7session7Manager18parse_hello_acceptEPKhj
                0x0000c62c       0x64 CMakeFiles/slate_firmware.elf.dir/src/session.cpp.obj
                0x0000c62c                slate::session::Manager::parse_hello_accept(unsigned char const*, unsigned int)
 .text._ZN5slate7session7Manager14pop_remote_allEhb
                0x0000c690       0x32 CMakeFiles/slate_firmware.elf.dir/src/session.cpp.obj
                0x0000c690                slate::session::Manager::pop_remote_all(unsigned char, bool)
 *fill*         0x0000c6c2        0x2 
 .text._ZN5slate7session7Manager11enter_staleEv
                0x0000c6c4       0x34 CMakeFiles/slate_firmware.elf.dir/src/session.cpp.obj
                0x0000c6c4                slate::session::Manager::enter_stale()
 .text._ZN5slate7session7Manager10on_controlEPKhjm
                0x0000c6f8      0x150 CMakeFiles/slate_firmware.elf.dir/src/session.cpp.obj
                0x0000c6f8                slate::session::Manager::on_control(unsigned char const*, unsigned int, unsigned long)
 .text._ZN5slate7session7Manager10on_displayEPKhjm
                0x0000c848       0x6a CMakeFiles/slate_firmware.elf.dir/src/session.cpp.obj
                0x0000c848                slate::session::Manager::on_display(unsigned char const*, unsigned int, unsigned long)
 *fill*         0x0000c8b2        0x2 
 .text._ZN5slate7session7Manager4tickEm
                0x0000c8b4       0x44 CMakeFiles/slate_firmware.elf.dir/src/session.cpp.obj
                0x0000c8b4                slate::session::Manager::tick(unsigned long)
 .text._ZN5slate7session7Manager10local_backEm
                0x0000c8f8       0x22 CMakeFiles/slate_firmware.elf.dir/src/session.cpp.obj
                0x0000c8f8                slate::session::Manager::local_back(unsigned long)
 *fill*         0x0000c91a        0x2 
 .text._ZN5slate7persist4initERKNS0_5HooksE
                0x0000c91c       0x10 CMakeFiles/slate_firmware.elf.dir/src/persist.cpp.obj
                0x0000c91c                slate::persist::init(slate::persist::Hooks const&)
 .text._ZN5slate7persist4loadENS0_4SlotEPvj
                0x0000c92c       0x20 CMakeFiles/slate_firmware.elf.dir/src/persist.cpp.obj
                0x0000c92c                slate::persist::load(slate::persist::Slot, void*, unsigned int)
 .text._ZN5slate7persist4saveENS0_4SlotEPKvj
                0x0000c94c       0x20 CMakeFiles/slate_firmware.elf.dir/src/persist.cpp.obj
                0x0000c94c                slate::persist::save(slate::persist::Slot, void const*, unsigned int)
 .text._ZN5slate12persist_nvmc12_GLOBAL__N_19nvmc_waitEv
                0x0000c96c       0x10 CMakeFiles/slate_firmware.elf.dir/src/persist_nvmc.cpp.obj
 .text._ZN5slate12persist_nvmc12_GLOBAL__N_110load_cacheEv
                0x0000c97c       0x24 CMakeFiles/slate_firmware.elf.dir/src/persist_nvmc.cpp.obj
 .text._ZN5slate12persist_nvmc4initEv
                0x0000c9a0       0x10 CMakeFiles/slate_firmware.elf.dir/src/persist_nvmc.cpp.obj
                0x0000c9a0                slate::persist_nvmc::init()
 .text._ZN5slate12persist_nvmc9read_slotENS_7persist4SlotEPvjS3_
                0x0000c9b0       0x54 CMakeFiles/slate_firmware.elf.dir/src/persist_nvmc.cpp.obj
                0x0000c9b0                slate::persist_nvmc::read_slot(slate::persist::Slot, void*, unsigned int, void*)
 .text._ZN5slate12persist_nvmc10write_slotENS_7persist4SlotEPKvjPv
                0x0000ca04       0xb8 CMakeFiles/slate_firmware.elf.dir/src/persist_nvmc.cpp.obj
                0x0000ca04                slate::persist_nvmc::write_slot(slate::persist::Slot, void const*, unsigned int, void*)
 .text._ZN5slate5clock12_GLOBAL__N_19now_ticksEv
                0x0000cabc       0x14 CMakeFiles/slate_firmware.elf.dir/src/wall_clock.cpp.obj
 .text._ZN5slate5clock12_GLOBAL__N_15crc32EPKhj.constprop.0
                0x0000cad0       0x30 CMakeFiles/slate_firmware.elf.dir/src/wall_clock.cpp.obj
 .text._ZN5slate5clock4initERKNS0_5HooksE
                0x0000cb00       0x28 CMakeFiles/slate_firmware.elf.dir/src/wall_clock.cpp.obj
                0x0000cb00                slate::clock::init(slate::clock::Hooks const&)
 .text._ZN5slate5clock14load_persistedEv
                0x0000cb28       0x64 CMakeFiles/slate_firmware.elf.dir/src/wall_clock.cpp.obj
                0x0000cb28                slate::clock::load_persisted()
 .text._ZN5slate5clock14save_persistedEv
                0x0000cb8c       0x2c CMakeFiles/slate_firmware.elf.dir/src/wall_clock.cpp.obj
                0x0000cb8c                slate::clock::save_persisted()
 .text._ZN5slate5clock14apply_cts_syncEm
                0x0000cbb8      0x104 CMakeFiles/slate_firmware.elf.dir/src/wall_clock.cpp.obj
                0x0000cbb8                slate::clock::apply_cts_sync(unsigned long)
 .text._ZN5slate5clock9unix_timeEv
                0x0000ccbc       0x68 CMakeFiles/slate_firmware.elf.dir/src/wall_clock.cpp.obj
                0x0000ccbc                slate::clock::unix_time()
 .text._ZN5slate5clock9civil_nowEv
                0x0000cd24       0xc4 CMakeFiles/slate_firmware.elf.dir/src/wall_clock.cpp.obj
                0x0000cd24                slate::clock::civil_now()
 .text._ZN5slate5clock9is_syncedEv
                0x0000cde8        0xc CMakeFiles/slate_firmware.elf.dir/src/wall_clock.cpp.obj
                0x0000cde8                slate::clock::is_synced()
 .text._ZN5slate4time7mono_msEv
                0x0000cdf4       0x1a CMakeFiles/slate_firmware.elf.dir/src/mono_time.cpp.obj
                0x0000cdf4                slate::time::mono_ms()
 *fill*         0x0000ce0e        0x2 
 .text._ZN5slate6rtc_hw4initEv
                0x0000ce10        0xc CMakeFiles/slate_firmware.elf.dir/src/rtc_hw.cpp.obj
                0x0000ce10                slate::rtc_hw::init()
 .text._ZN5slate6rtc_hw5ticksEv
                0x0000ce1c       0x28 CMakeFiles/slate_firmware.elf.dir/src/rtc_hw.cpp.obj
                0x0000ce1c                slate::rtc_hw::ticks()
 .text._ZN5slate6rtc_hw15on_overflow_irqEv
                0x0000ce44       0x10 CMakeFiles/slate_firmware.elf.dir/src/rtc_hw.cpp.obj
                0x0000ce44                slate::rtc_hw::on_overflow_irq()
 .text.slate_rtc1_on_overflow
                0x0000ce54        0x4 CMakeFiles/slate_firmware.elf.dir/src/rtc_hw.cpp.obj
                0x0000ce54                slate_rtc1_on_overflow
 .text._ZN5slate5notif12_GLOBAL__N_18copy_strEPchPKhhPh
                0x0000ce58       0x28 CMakeFiles/slate_firmware.elf.dir/src/notif_store.cpp.obj
 .text._ZN5slate5notif4initEPNS0_5StoreE
                0x0000ce80        0xe CMakeFiles/slate_firmware.elf.dir/src/notif_store.cpp.obj
                0x0000ce80                slate::notif::init(slate::notif::Store*)
 .text._ZN5slate5notif14mark_all_staleEPNS0_5StoreEb
                0x0000ce8e       0x1e CMakeFiles/slate_firmware.elf.dir/src/notif_store.cpp.obj
                0x0000ce8e                slate::notif::mark_all_stale(slate::notif::Store*, bool)
 .text._ZN5slate5notif2atEPKNS0_5StoreEh
                0x0000ceac       0x16 CMakeFiles/slate_firmware.elf.dir/src/notif_store.cpp.obj
                0x0000ceac                slate::notif::at(slate::notif::Store const*, unsigned char)
 .text._ZN5slate5notif9remove_atEPNS0_5StoreEh
                0x0000cec2       0x48 CMakeFiles/slate_firmware.elf.dir/src/notif_store.cpp.obj
                0x0000cec2                slate::notif::remove_at(slate::notif::Store*, unsigned char)
 .text._ZN5slate5notif17on_system_messageEPNS0_5StoreEPKhj
                0x0000cf0a      0x1b6 CMakeFiles/slate_firmware.elf.dir/src/notif_store.cpp.obj
                0x0000cf0a                slate::notif::on_system_message(slate::notif::Store*, unsigned char const*, unsigned int)
 .text._ZN5slate5alarm4initEPNS0_5TableE
                0x0000d0c0        0xc CMakeFiles/slate_firmware.elf.dir/src/alarm_sched.cpp.obj
                0x0000d0c0                slate::alarm::init(slate::alarm::Table*)
 .text._ZN5slate5alarm4loadEPNS0_5TableE
                0x0000d0cc       0x50 CMakeFiles/slate_firmware.elf.dir/src/alarm_sched.cpp.obj
                0x0000d0cc                slate::alarm::load(slate::alarm::Table*)
 .text._ZN5slate5alarm4saveEPKNS0_5TableE
                0x0000d11c        0xe CMakeFiles/slate_firmware.elf.dir/src/alarm_sched.cpp.obj
                0x0000d11c                slate::alarm::save(slate::alarm::Table const*)
 .text._ZN5slate5alarm4pollEPNS0_5TableEmhhh
                0x0000d12a       0xc4 CMakeFiles/slate_firmware.elf.dir/src/alarm_sched.cpp.obj
                0x0000d12a                slate::alarm::poll(slate::alarm::Table*, unsigned long, unsigned char, unsigned char, unsigned char)
 .text._ZN5slate3bma6Driver2wrEhh
                0x0000d1ee       0x20 CMakeFiles/slate_firmware.elf.dir/src/bma42x.cpp.obj
                0x0000d1ee                slate::bma::Driver::wr(unsigned char, unsigned char)
 .text._ZN5slate3bma6Driver2rdEhPh
                0x0000d20e       0x22 CMakeFiles/slate_firmware.elf.dir/src/bma42x.cpp.obj
                0x0000d20e                slate::bma::Driver::rd(unsigned char, unsigned char*)
 .text._ZN5slate3bma6Driver4initERKNS0_3BusE
                0x0000d230       0x4c CMakeFiles/slate_firmware.elf.dir/src/bma42x.cpp.obj
                0x0000d230                slate::bma::Driver::init(slate::bma::Bus const&)
 .text._ZN5slate3bma6Driver20write_feature_configEPKhj
                0x0000d27c       0x82 CMakeFiles/slate_firmware.elf.dir/src/bma42x.cpp.obj
                0x0000d27c                slate::bma::Driver::write_feature_config(unsigned char const*, unsigned int)
 .text._ZN5slate3bma6Driver17enable_any_motionEh
                0x0000d2fe       0x48 CMakeFiles/slate_firmware.elf.dir/src/bma42x.cpp.obj
                0x0000d2fe                slate::bma::Driver::enable_any_motion(unsigned char)
 .text._ZN5slate3bma6Driver9configureEPKhjh
                0x0000d346       0x2c CMakeFiles/slate_firmware.elf.dir/src/bma42x.cpp.obj
                0x0000d346                slate::bma::Driver::configure(unsigned char const*, unsigned int, unsigned char)
 .text._ZN5slate3bma6Driver10read_stepsEv
                0x0000d372       0x40 CMakeFiles/slate_firmware.elf.dir/src/bma42x.cpp.obj
                0x0000d372                slate::bma::Driver::read_steps()
 .text._ZN5slate3bma6Driver16consume_tilt_irqEv
                0x0000d3b2       0x24 CMakeFiles/slate_firmware.elf.dir/src/bma42x.cpp.obj
                0x0000d3b2                slate::bma::Driver::consume_tilt_irq()
 *fill*         0x0000d3d6        0x2 
 .text._ZN5slate7battery4initERKNS0_5HooksE
                0x0000d3d8       0x2c CMakeFiles/slate_firmware.elf.dir/src/battery.cpp.obj
                0x0000d3d8                slate::battery::init(slate::battery::Hooks const&)
 .text._ZN5slate7battery10millivoltsEv
                0x0000d404       0x24 CMakeFiles/slate_firmware.elf.dir/src/battery.cpp.obj
                0x0000d404                slate::battery::millivolts()
 .text._ZN5slate7battery15percent_from_mvEt
                0x0000d428       0x7c CMakeFiles/slate_firmware.elf.dir/src/battery.cpp.obj
                0x0000d428                slate::battery::percent_from_mv(unsigned short)
 .text._ZN5slate7battery16apply_hysteresisEhhbbbb
                0x0000d4a4       0x30 CMakeFiles/slate_firmware.elf.dir/src/battery.cpp.obj
                0x0000d4a4                slate::battery::apply_hysteresis(unsigned char, unsigned char, bool, bool, bool, bool)
 .text._ZN5slate7battery8chargingEv
                0x0000d4d4       0x14 CMakeFiles/slate_firmware.elf.dir/src/battery.cpp.obj
                0x0000d4d4                slate::battery::charging()
 .text._ZN5slate7battery13power_presentEv
                0x0000d4e8       0x14 CMakeFiles/slate_firmware.elf.dir/src/battery.cpp.obj
                0x0000d4e8                slate::battery::power_present()
 .text._ZN5slate7battery12sample_validEv
                0x0000d4fc       0x1c CMakeFiles/slate_firmware.elf.dir/src/battery.cpp.obj
                0x0000d4fc                slate::battery::sample_valid()
 .text._ZN5slate7battery7percentEv
                0x0000d518       0x5c CMakeFiles/slate_firmware.elf.dir/src/battery.cpp.obj
                0x0000d518                slate::battery::percent()
 .text._ZN5slate7battery13percent_validEv
                0x0000d574        0x4 CMakeFiles/slate_firmware.elf.dir/src/battery.cpp.obj
                0x0000d574                slate::battery::percent_valid()
 .text._ZN5slate10battery_hw12_GLOBAL__N_18read_adcEPv
                0x0000d578        0xc CMakeFiles/slate_firmware.elf.dir/src/battery_hw.cpp.obj
 .text._ZN5slate10battery_hw12_GLOBAL__N_111is_chargingEPv
                0x0000d584       0x12 CMakeFiles/slate_firmware.elf.dir/src/battery_hw.cpp.obj
 .text._ZN5slate10battery_hw12_GLOBAL__N_116is_power_presentEPv
                0x0000d596       0x12 CMakeFiles/slate_firmware.elf.dir/src/battery_hw.cpp.obj
 .text._ZN5slate10battery_hw12last_adc_rawEv
                0x0000d5a8        0xc CMakeFiles/slate_firmware.elf.dir/src/battery_hw.cpp.obj
                0x0000d5a8                slate::battery_hw::last_adc_raw()
 .text._ZN5slate10battery_hw10sample_nowEv
                0x0000d5b4       0x10 CMakeFiles/slate_firmware.elf.dir/src/battery_hw.cpp.obj
                0x0000d5b4                slate::battery_hw::sample_now()
 .text._ZN5slate10battery_hw4initEv
                0x0000d5c4       0x3c CMakeFiles/slate_firmware.elf.dir/src/battery_hw.cpp.obj
                0x0000d5c4                slate::battery_hw::init()
 .text._ZN5slate2ui12_GLOBAL__N_11W1bEh
                0x0000d600       0x1a CMakeFiles/slate_firmware.elf.dir/src/local_ui.cpp.obj
 .text._ZN5slate2ui12_GLOBAL__N_11W3u16Et
                0x0000d61a       0x14 CMakeFiles/slate_firmware.elf.dir/src/local_ui.cpp.obj
 .text._ZN5slate2ui12_GLOBAL__N_11W3rgbEt
                0x0000d62e       0x14 CMakeFiles/slate_firmware.elf.dir/src/local_ui.cpp.obj
 .text._ZN5slate2ui12_GLOBAL__N_11W4fillEhhhht
                0x0000d642       0x40 CMakeFiles/slate_firmware.elf.dir/src/local_ui.cpp.obj
 .text._ZN5slate2ui12_GLOBAL__N_17fmt_u32EPcjm
                0x0000d682       0x5e CMakeFiles/slate_firmware.elf.dir/src/local_ui.cpp.obj
 .text._ZZN5slate2ui12_GLOBAL__N_18fmt_diagEPcjRKNS_5local5StateEENKUlPKcE_clES8_
                0x0000d6e0       0x24 CMakeFiles/slate_firmware.elf.dir/src/local_ui.cpp.obj
 .text._ZZN5slate2ui12_GLOBAL__N_19fmt_diag2EPcjRKNS_5local5StateEENKUlPKcE_clES8_
                0x0000d704       0x24 CMakeFiles/slate_firmware.elf.dir/src/local_ui.cpp.obj
 .text._ZZN5slate2ui12_GLOBAL__N_19fmt_diag3EPcjRKNS_5local5StateEENKUlPKcE_clES8_
                0x0000d728       0x24 CMakeFiles/slate_firmware.elf.dir/src/local_ui.cpp.obj
 .text._ZZN5slate2ui12_GLOBAL__N_112fmt_diag_otaEPcjRKNS_5local5StateEENKUlPKcE_clES8_
                0x0000d74c       0x24 CMakeFiles/slate_firmware.elf.dir/src/local_ui.cpp.obj
 .text._ZZN5slate2ui12_GLOBAL__N_110build_faceERNS1_1WERKNS0_9ViewModelEENKUlPKcE_clES8_
                0x0000d770       0x1e CMakeFiles/slate_firmware.elf.dir/src/local_ui.cpp.obj
 .text._ZN5slate2ui12_GLOBAL__N_11W8text_bigEhhhhhPKch
                0x0000d78e       0x6e CMakeFiles/slate_firmware.elf.dir/src/local_ui.cpp.obj
 .text._ZN5slate2ui12_GLOBAL__N_11W5gaugeEhhhhhtt.constprop.0
                0x0000d7fc       0x4e CMakeFiles/slate_firmware.elf.dir/src/local_ui.cpp.obj
 *fill*         0x0000d84a        0x2 
 .text._ZN5slate2ui12_GLOBAL__N_110build_faceERNS1_1WERKNS0_9ViewModelE.constprop.0.isra.0
                0x0000d84c      0x668 CMakeFiles/slate_firmware.elf.dir/src/local_ui.cpp.obj
 .text._ZN5slate2ui16build_ota_bannerEPhjh
                0x0000deb4       0x82 CMakeFiles/slate_firmware.elf.dir/src/local_ui.cpp.obj
                0x0000deb4                slate::ui::build_ota_banner(unsigned char*, unsigned int, unsigned char)
 *fill*         0x0000df36        0x2 
 .text._ZN5slate2ui12build_screenERKNS0_9ViewModelEPhj
                0x0000df38      0x3a8 CMakeFiles/slate_firmware.elf.dir/src/local_ui.cpp.obj
                0x0000df38                slate::ui::build_screen(slate::ui::ViewModel const&, unsigned char*, unsigned int)
 .text._ZNK5slate4core4Core7budgetsEv
                0x0000e2e0       0x1a CMakeFiles/slate_firmware.elf.dir/src/local_core.cpp.obj
                0x0000e2e0                slate::core::Core::budgets() const
 *fill*         0x0000e2fa        0x2 
 .text._ZN5slate4core4Core13load_settingsEv
                0x0000e2fc       0x4c CMakeFiles/slate_firmware.elf.dir/src/local_core.cpp.obj
                0x0000e2fc                slate::core::Core::load_settings()
 .text._ZN5slate4core4Core10on_link_upEv
                0x0000e348       0x26 CMakeFiles/slate_firmware.elf.dir/src/local_core.cpp.obj
                0x0000e348                slate::core::Core::on_link_up()
 .text._ZN5slate4core4Core12on_link_downEv
                0x0000e36e       0x1e CMakeFiles/slate_firmware.elf.dir/src/local_core.cpp.obj
                0x0000e36e                slate::core::Core::on_link_down()
 .text._ZN5slate4core4Core18take_paint_pendingEv
                0x0000e38c       0x10 CMakeFiles/slate_firmware.elf.dir/src/local_core.cpp.obj
                0x0000e38c                slate::core::Core::take_paint_pending()
 .text._ZN5slate4core4Core17show_ota_progressEh
                0x0000e39c       0x2c CMakeFiles/slate_firmware.elf.dir/src/local_core.cpp.obj
                0x0000e39c                slate::core::Core::show_ota_progress(unsigned char)
 .text._ZN5slate4core4Core12show_currentEv
                0x0000e3c8       0x50 CMakeFiles/slate_firmware.elf.dir/src/local_core.cpp.obj
                0x0000e3c8                slate::core::Core::show_current()
 .text._ZN5slate4core4Core4initERKNS0_5HooksEPNS_3bma6DriverE
                0x0000e418       0x6c CMakeFiles/slate_firmware.elf.dir/src/local_core.cpp.obj
                0x0000e418                slate::core::Core::init(slate::core::Hooks const&, slate::bma::Driver*)
 .text._ZN5slate4core4Core16set_remote_staleEb
                0x0000e484        0xc CMakeFiles/slate_firmware.elf.dir/src/local_core.cpp.obj
                0x0000e484                slate::core::Core::set_remote_stale(bool)
 .text._ZN5slate4core4Core17on_system_messageEPKhj
                0x0000e490       0x20 CMakeFiles/slate_firmware.elf.dir/src/local_core.cpp.obj
                0x0000e490                slate::core::Core::on_system_message(unsigned char const*, unsigned int)
 .text._ZN5slate4core4Core14apply_cts_timeEm
                0x0000e4b0       0x14 CMakeFiles/slate_firmware.elf.dir/src/local_core.cpp.obj
                0x0000e4b0                slate::core::Core::apply_cts_time(unsigned long)
 .text._ZN5slate4core4Core12wake_displayEv
                0x0000e4c4       0x16 CMakeFiles/slate_firmware.elf.dir/src/local_core.cpp.obj
                0x0000e4c4                slate::core::Core::wake_display()
 .text._ZN5slate4core4Core18show_not_connectedEv
                0x0000e4da       0x16 CMakeFiles/slate_firmware.elf.dir/src/local_core.cpp.obj
                0x0000e4da                slate::core::Core::show_not_connected()
 .text._ZN5slate4core4Core11enter_alertEhh
                0x0000e4f0       0x2a CMakeFiles/slate_firmware.elf.dir/src/local_core.cpp.obj
                0x0000e4f0                slate::core::Core::enter_alert(unsigned char, unsigned char)
 .text._ZN5slate4core4Core10poll_stepsEv
                0x0000e51a       0x54 CMakeFiles/slate_firmware.elf.dir/src/local_core.cpp.obj
                0x0000e51a                slate::core::Core::poll_steps()
 .text._ZN5slate4core4Core12poll_batteryEm
                0x0000e56e       0x76 CMakeFiles/slate_firmware.elf.dir/src/local_core.cpp.obj
                0x0000e56e                slate::core::Core::poll_battery(unsigned long)
 .text._ZN5slate4core4Core11poll_alarmsEv
                0x0000e5e4       0x52 CMakeFiles/slate_firmware.elf.dir/src/local_core.cpp.obj
                0x0000e5e4                slate::core::Core::poll_alarms()
 .text._ZN5slate4core4Core9poll_tiltEv
                0x0000e636       0x2e CMakeFiles/slate_firmware.elf.dir/src/local_core.cpp.obj
                0x0000e636                slate::core::Core::poll_tilt()
 .text._ZN5slate4core4Core4tickEm
                0x0000e664       0x7e CMakeFiles/slate_firmware.elf.dir/src/local_core.cpp.obj
                0x0000e664                slate::core::Core::tick(unsigned long)
 .text._ZN5slate4core4Core15on_button_pressEv
                0x0000e6e2       0x2c CMakeFiles/slate_firmware.elf.dir/src/local_core.cpp.obj
                0x0000e6e2                slate::core::Core::on_button_press()
 .text._ZN5slate4xt2512_GLOBAL__N_18cmd_onlyEh
                0x0000e70e       0x2c CMakeFiles/slate_firmware.elf.dir/src/xt25.cpp.obj
 *fill*         0x0000e73a        0x2 
 .text._ZN5slate4xt2512_GLOBAL__N_112ensure_awakeEv
                0x0000e73c       0x20 CMakeFiles/slate_firmware.elf.dir/src/xt25.cpp.obj
 .text._ZN5slate4xt2512_GLOBAL__N_111read_statusEPh.constprop.0
                0x0000e75c       0x44 CMakeFiles/slate_firmware.elf.dir/src/xt25.cpp.obj
 .text._ZN5slate4xt2512_GLOBAL__N_110wait_readyEv
                0x0000e7a0       0x3c CMakeFiles/slate_firmware.elf.dir/src/xt25.cpp.obj
 .text._ZN5slate4xt254initEv
                0x0000e7dc        0xc CMakeFiles/slate_firmware.elf.dir/src/xt25.cpp.obj
                0x0000e7dc                slate::xt25::init()
 .text._ZN5slate4xt255probeEv
                0x0000e7e8       0x52 CMakeFiles/slate_firmware.elf.dir/src/xt25.cpp.obj
                0x0000e7e8                slate::xt25::probe()
 .text._ZN5slate4xt254readEmPhj
                0x0000e83a       0x58 CMakeFiles/slate_firmware.elf.dir/src/xt25.cpp.obj
                0x0000e83a                slate::xt25::read(unsigned long, unsigned char*, unsigned int)
 .text._ZN5slate4xt2510write_pageEmPKhj
                0x0000e892       0x84 CMakeFiles/slate_firmware.elf.dir/src/xt25.cpp.obj
                0x0000e892                slate::xt25::write_page(unsigned long, unsigned char const*, unsigned int)
 .text._ZN5slate4xt2512erase_sectorEm
                0x0000e916       0x62 CMakeFiles/slate_firmware.elf.dir/src/xt25.cpp.obj
                0x0000e916                slate::xt25::erase_sector(unsigned long)
 .text._ZN5slate4xt2515deep_power_downEv
                0x0000e978       0x20 CMakeFiles/slate_firmware.elf.dir/src/xt25.cpp.obj
                0x0000e978                slate::xt25::deep_power_down()
 .text._ZN5slate4xt254wakeEv
                0x0000e998        0x4 CMakeFiles/slate_firmware.elf.dir/src/xt25.cpp.obj
                0x0000e998                slate::xt25::wake()
 .text._ZN5slate2fs12_GLOBAL__N_17bd_syncEPK10lfs_config
                0x0000e99c        0x4 CMakeFiles/slate_firmware.elf.dir/src/lfs_fs.cpp.obj
 .text._ZN5slate2fs12_GLOBAL__N_18bd_eraseEPK10lfs_configm
                0x0000e9a0       0x18 CMakeFiles/slate_firmware.elf.dir/src/lfs_fs.cpp.obj
 .text._ZN5slate2fs12_GLOBAL__N_17bd_progEPK10lfs_configmmPKvm
                0x0000e9b8       0x38 CMakeFiles/slate_firmware.elf.dir/src/lfs_fs.cpp.obj
 .text._ZN5slate2fs12_GLOBAL__N_17bd_readEPK10lfs_configmmPvm
                0x0000e9f0       0x20 CMakeFiles/slate_firmware.elf.dir/src/lfs_fs.cpp.obj
 .text._ZN5slate2fs12_GLOBAL__N_19open_fileEP8lfs_filePKci
                0x0000ea10       0x2c CMakeFiles/slate_firmware.elf.dir/src/lfs_fs.cpp.obj
 .text._ZN5slate2fs5mountEv
                0x0000ea3c       0xc0 CMakeFiles/slate_firmware.elf.dir/src/lfs_fs.cpp.obj
                0x0000ea3c                slate::fs::mount()
 .text._ZN5slate2fs11sleep_flashEv
                0x0000eafc        0x4 CMakeFiles/slate_firmware.elf.dir/src/lfs_fs.cpp.obj
                0x0000eafc                slate::fs::sleep_flash()
 .text._ZN5slate2fs9read_fileEPKcmPhj
                0x0000eb00       0x74 CMakeFiles/slate_firmware.elf.dir/src/lfs_fs.cpp.obj
                0x0000eb00                slate::fs::read_file(char const*, unsigned long, unsigned char*, unsigned int)
 .text._ZN5slate2fs13write_file_atEPKcmPKhj
                0x0000eb74       0x78 CMakeFiles/slate_firmware.elf.dir/src/lfs_fs.cpp.obj
                0x0000eb74                slate::fs::write_file_at(char const*, unsigned long, unsigned char const*, unsigned int)
 .text._ZN5slate2fs11remove_fileEPKc
                0x0000ebec       0x2c CMakeFiles/slate_firmware.elf.dir/src/lfs_fs.cpp.obj
                0x0000ebec                slate::fs::remove_file(char const*)
 .text._ZN5slate5asset12_GLOBAL__N_16rd_u32EPKh
                0x0000ec18        0x4 CMakeFiles/slate_firmware.elf.dir/src/asset_xfer.cpp.obj
 .text._ZN5slate5asset8Receiver5resetEv
                0x0000ec1c       0x18 CMakeFiles/slate_firmware.elf.dir/src/asset_xfer.cpp.obj
                0x0000ec1c                slate::asset::Receiver::reset()
 .text._ZN5slate5asset8Receiver11send_creditEv
                0x0000ec34       0x2c CMakeFiles/slate_firmware.elf.dir/src/asset_xfer.cpp.obj
                0x0000ec34                slate::asset::Receiver::send_credit()
 .text._ZN5slate5asset8Receiver4initERKNS0_5HooksE
                0x0000ec60       0x1e CMakeFiles/slate_firmware.elf.dir/src/asset_xfer.cpp.obj
                0x0000ec60                slate::asset::Receiver::init(slate::asset::Hooks const&)
 .text._ZN5slate5asset8Receiver8send_ackEv
                0x0000ec7e       0x3a CMakeFiles/slate_firmware.elf.dir/src/asset_xfer.cpp.obj
                0x0000ec7e                slate::asset::Receiver::send_ack()
 .text._ZN5slate5asset8Receiver8send_nakENS0_9NakReasonE
                0x0000ecb8       0x1e CMakeFiles/slate_firmware.elf.dir/src/asset_xfer.cpp.obj
                0x0000ecb8                slate::asset::Receiver::send_nak(slate::asset::NakReason)
 .text._ZN5slate5asset8Receiver10on_messageEPKhj
                0x0000ecd6      0x1a0 CMakeFiles/slate_firmware.elf.dir/src/asset_xfer.cpp.obj
                0x0000ecd6                slate::asset::Receiver::on_message(unsigned char const*, unsigned int)
 *fill*         0x0000ee76        0x2 
 .text._ZN5slate5power12_GLOBAL__N_111apply_radioEt
                0x0000ee78       0x10 CMakeFiles/slate_firmware.elf.dir/src/power.cpp.obj
 .text._ZN5slate5power10buses_idleEv
                0x0000ee88       0x24 CMakeFiles/slate_firmware.elf.dir/src/power.cpp.obj
                0x0000ee88                slate::power::buses_idle()
 .text._ZN5slate5power10buses_wakeEv
                0x0000eeac       0x10 CMakeFiles/slate_firmware.elf.dir/src/power.cpp.obj
                0x0000eeac                slate::power::buses_wake()
 .text._ZN5slate5power20disable_debug_assistEv
                0x0000eebc       0x14 CMakeFiles/slate_firmware.elf.dir/src/power.cpp.obj
                0x0000eebc                slate::power::disable_debug_assist()
 .text._ZN5slate5power9hrs_sleepEv
                0x0000eed0       0x1c CMakeFiles/slate_firmware.elf.dir/src/power.cpp.obj
                0x0000eed0                slate::power::hrs_sleep()
 .text._ZN5slate5power4initERKNS0_5HooksE
                0x0000eeec       0x4c CMakeFiles/slate_firmware.elf.dir/src/power.cpp.obj
                0x0000eeec                slate::power::init(slate::power::Hooks const&)
 .text._ZN5slate5power18sample_battery_adcEv
                0x0000ef38       0xc0 CMakeFiles/slate_firmware.elf.dir/src/power.cpp.obj
                0x0000ef38                slate::power::sample_battery_adc()
 .text._ZN5slate5power7currentEv
                0x0000eff8        0xc CMakeFiles/slate_firmware.elf.dir/src/power.cpp.obj
                0x0000eff8                slate::power::current()
 .text._ZN5slate5power5enterENS0_5StateE
                0x0000f004       0xf8 CMakeFiles/slate_firmware.elf.dir/src/power.cpp.obj
                0x0000f004                slate::power::enter(slate::power::State)
 .text._ZN5slate5power13apply_profileERKNS_7profile4DescE
                0x0000f0fc       0x28 CMakeFiles/slate_firmware.elf.dir/src/power.cpp.obj
                0x0000f0fc                slate::power::apply_profile(slate::profile::Desc const&)
 .text._ZN5slate8ota_slot12_GLOBAL__N_19write_rawEmPKhj
                0x0000f124       0x32 CMakeFiles/slate_firmware.elf.dir/src/ota_slot.cpp.obj
 *fill*         0x0000f156        0x2 
 .text._ZN5slate8ota_slot4initEv
                0x0000f158       0x14 CMakeFiles/slate_firmware.elf.dir/src/ota_slot.cpp.obj
                0x0000f158                slate::ota_slot::init()
 .text._ZN5slate8ota_slot9erase_allEv
                0x0000f16c       0x14 CMakeFiles/slate_firmware.elf.dir/src/ota_slot.cpp.obj
                0x0000f16c                slate::ota_slot::erase_all()
 .text._ZN5slate8ota_slot5writeEmPKhj
                0x0000f180       0x64 CMakeFiles/slate_firmware.elf.dir/src/ota_slot.cpp.obj
                0x0000f180                slate::ota_slot::write(unsigned long, unsigned char const*, unsigned int)
 .text._ZN5slate8ota_slot30write_infinitime_pending_magicEv
                0x0000f1e4       0x48 CMakeFiles/slate_firmware.elf.dir/src/ota_slot.cpp.obj
                0x0000f1e4                slate::ota_slot::write_infinitime_pending_magic()
 .text._ZN5slate8ota_slot14request_rebootEv
                0x0000f22c       0x10 CMakeFiles/slate_firmware.elf.dir/src/ota_slot.cpp.obj
                0x0000f22c                slate::ota_slot::request_reboot()
 .text._ZN5slate3ota8Receiver5resetEv
                0x0000f23c       0x26 CMakeFiles/slate_firmware.elf.dir/src/ota_xfer.cpp.obj
                0x0000f23c                slate::ota::Receiver::reset()
 .text._ZNK5slate3ota8Receiver10battery_okEv
                0x0000f262       0x2e CMakeFiles/slate_firmware.elf.dir/src/ota_xfer.cpp.obj
                0x0000f262                slate::ota::Receiver::battery_ok() const
 .text._ZN5slate3ota8Receiver11send_creditEv
                0x0000f290       0x2c CMakeFiles/slate_firmware.elf.dir/src/ota_xfer.cpp.obj
                0x0000f290                slate::ota::Receiver::send_credit()
 .text._ZN5slate3ota8Receiver4initERKNS0_5HooksE
                0x0000f2bc       0x24 CMakeFiles/slate_firmware.elf.dir/src/ota_xfer.cpp.obj
                0x0000f2bc                slate::ota::Receiver::init(slate::ota::Hooks const&)
 .text._ZN5slate3ota8Receiver8send_ackEv
                0x0000f2e0       0x3a CMakeFiles/slate_firmware.elf.dir/src/ota_xfer.cpp.obj
                0x0000f2e0                slate::ota::Receiver::send_ack()
 .text._ZN5slate3ota8Receiver8send_nakENS0_9NakReasonE
                0x0000f31a       0x32 CMakeFiles/slate_firmware.elf.dir/src/ota_xfer.cpp.obj
                0x0000f31a                slate::ota::Receiver::send_nak(slate::ota::NakReason)
 .text._ZN5slate3ota8Receiver10on_messageEPKhj
                0x0000f34c      0x1f0 CMakeFiles/slate_firmware.elf.dir/src/ota_xfer.cpp.obj
                0x0000f34c                slate::ota::Receiver::on_message(unsigned char const*, unsigned int)
 .text._ZN5slate6sha25612_GLOBAL__N_19transformERNS0_3CtxEPKh
                0x0000f53c      0x148 CMakeFiles/slate_firmware.elf.dir/src/sha256.cpp.obj
 .text._ZN5slate6sha2564initERNS0_3CtxE
                0x0000f684       0x58 CMakeFiles/slate_firmware.elf.dir/src/sha256.cpp.obj
                0x0000f684                slate::sha256::init(slate::sha256::Ctx&)
 .text._ZN5slate6sha2566updateERNS0_3CtxEPKhj
                0x0000f6dc       0x44 CMakeFiles/slate_firmware.elf.dir/src/sha256.cpp.obj
                0x0000f6dc                slate::sha256::update(slate::sha256::Ctx&, unsigned char const*, unsigned int)
 .text._ZN5slate6sha2565finalERNS0_3CtxEPh
                0x0000f720       0xaa CMakeFiles/slate_firmware.elf.dir/src/sha256.cpp.obj
                0x0000f720                slate::sha256::final(slate::sha256::Ctx&, unsigned char*)
 *fill*         0x0000f7ca        0x2 
 .text._ZN5slate4boot12_GLOBAL__N_19nvmc_waitEv
                0x0000f7cc       0x10 CMakeFiles/slate_firmware.elf.dir/src/boot_util.cpp.obj
 .text._ZN5slate4boot13needs_confirmEv
                0x0000f7dc       0x38 CMakeFiles/slate_firmware.elf.dir/src/boot_util.cpp.obj
                0x0000f7dc                slate::boot::needs_confirm()
 .text._ZN5slate4boot13confirm_imageEv
                0x0000f814       0x44 CMakeFiles/slate_firmware.elf.dir/src/boot_util.cpp.obj
                0x0000f814                slate::boot::confirm_image()
 .text._ZN5slate4boot12tick_confirmEbm
                0x0000f858       0x40 CMakeFiles/slate_firmware.elf.dir/src/boot_util.cpp.obj
                0x0000f858                slate::boot::tick_confirm(bool, unsigned long)
 .text._ZN5slate4boot18dwell_remaining_msEbm
                0x0000f898       0x40 CMakeFiles/slate_firmware.elf.dir/src/boot_util.cpp.obj